// Vitest Snapshot v1, https://vitest.dev/guide/snapshot.html

exports[`buildSpanHierarchy with real trace data > should build hierarchy for fixture trace data 1`] = `
[
  {
    "children": [],
    "childrenCount": 0,
    "depth": 0,
    "name": "long-animation-frame",
    "parentId": undefined,
    "spanId": "do9zxc2oasd",
    "type": "long-animation-frame",
  },
  {
    "children": [],
    "childrenCount": 0,
    "depth": 0,
    "name": "event/pointerup",
    "parentId": undefined,
    "spanId": "xx2c4m92ytr",
    "type": "event",
  },
  {
    "children": [],
    "childrenCount": 0,
    "depth": 0,
    "name": "event/mouseup",
    "parentId": undefined,
    "spanId": "axr0744thpq",
    "type": "event",
  },
  {
    "children": [],
    "childrenCount": 0,
    "depth": 0,
    "name": "event/click",
    "parentId": undefined,
    "spanId": "ksq32h479da",
    "type": "event",
  },
  {
    "children": [],
    "childrenCount": 0,
    "depth": 0,
    "name": "time-to-omnilog-rendered",
    "parentId": undefined,
    "spanId": "computed-span-time-to-omnilog-rendered-flon2op03qt",
    "type": "computed-span",
  },
  {
    "children": [],
    "childrenCount": 0,
    "depth": 0,
    "name": "ToolbarTabsShell/firstRenderTillData",
    "parentId": undefined,
    "spanId": "computed-span-ToolbarTabsShell-flon2op03qt",
    "type": "computed-span",
  },
  {
    "children": [],
    "childrenCount": 0,
    "depth": 0,
    "name": "ToolbarTabsShell",
    "parentId": undefined,
    "spanId": "zauh8w90h6",
    "type": "component-render",
  },
  {
    "children": [],
    "childrenCount": 0,
    "depth": 0,
    "name": "useQuery: entityReadReceipt/firstRenderTillData",
    "parentId": undefined,
    "spanId": "computed-span-useQuery: entityReadReceipt-flon2op03qt",
    "type": "computed-span",
  },
  {
    "children": [],
    "childrenCount": 0,
    "depth": 0,
    "name": "useQuery: customStatuses/firstRenderTillData",
    "parentId": undefined,
    "spanId": "computed-span-useQuery: customStatuses-flon2op03qt",
    "type": "computed-span",
  },
  {
    "children": [],
    "childrenCount": 0,
    "depth": 0,
    "name": "useQuery: searchWithObjectType/firstRenderTillData",
    "parentId": undefined,
    "spanId": "computed-span-useQuery: searchWithObjectType-flon2op03qt",
    "type": "computed-span",
  },
  {
    "children": [
      {
        "childrenCount": 1,
        "depth": 1,
        "name": "useQuery: searchWithObjectType",
        "parentId": "uzo9ppnws1q",
        "spanId": "j34ca0w1swp",
        "type": "component-render",
      },
    ],
    "childrenCount": 1,
    "depth": 0,
    "name": "ConversationPane",
    "parentId": undefined,
    "spanId": "uzo9ppnws1q",
    "type": "component-render",
  },
  {
    "children": [],
    "childrenCount": 0,
    "depth": 0,
    "name": "useQuery: chatConversationQuery/firstRenderTillData",
    "parentId": undefined,
    "spanId": "computed-span-useQuery: chatConversationQuery-flon2op03qt",
    "type": "computed-span",
  },
  {
    "children": [],
    "childrenCount": 0,
    "depth": 0,
    "name": "useQuery: agentOwnChatProfile/firstRenderTillData",
    "parentId": undefined,
    "spanId": "computed-span-useQuery: agentOwnChatProfile-flon2op03qt",
    "type": "computed-span",
  },
  {
    "children": [],
    "childrenCount": 0,
    "depth": 0,
    "name": "useQuery: typingStatusByIssueId/firstRenderTillData",
    "parentId": undefined,
    "spanId": "computed-span-useQuery: typingStatusByIssueId-flon2op03qt",
    "type": "computed-span",
  },
  {
    "children": [],
    "childrenCount": 0,
    "depth": 0,
    "name": "useQuery: agentOwnChatProfileQuery/firstRenderTillData",
    "parentId": undefined,
    "spanId": "computed-span-useQuery: agentOwnChatProfileQuery-flon2op03qt",
    "type": "computed-span",
  },
  {
    "children": [],
    "childrenCount": 0,
    "depth": 0,
    "name": "useQuery: conversationQuery/firstRenderTillData",
    "parentId": undefined,
    "spanId": "computed-span-useQuery: conversationQuery-flon2op03qt",
    "type": "computed-span",
  },
  {
    "children": [],
    "childrenCount": 0,
    "depth": 0,
    "name": "useQuery: AgentGraphAgentOwnChatNotificationSettings/firstRenderTillData",
    "parentId": undefined,
    "spanId": "computed-span-useQuery: AgentGraphAgentOwnChatNotificationSettings-flon2op03qt",
    "type": "computed-span",
  },
  {
    "children": [
      {
        "childrenCount": 1,
        "depth": 1,
        "name": "useQuery: AgentGraphAgentOwnChatNotificationSettings",
        "parentId": "fgi520wpekk",
        "spanId": "ji1jycx70ph",
        "type": "component-render",
      },
    ],
    "childrenCount": 1,
    "depth": 0,
    "name": "OmniLog",
    "parentId": undefined,
    "spanId": "fgi520wpekk",
    "type": "component-render",
  },
  {
    "children": [],
    "childrenCount": 0,
    "depth": 0,
    "name": "useQuery: chatConversationSourceByIssueId/firstRenderTillData",
    "parentId": undefined,
    "spanId": "computed-span-useQuery: chatConversationSourceByIssueId-flon2op03qt",
    "type": "computed-span",
  },
  {
    "children": [
      {
        "childrenCount": 0,
        "depth": 1,
        "name": "useQuery: chatConversationSourceByIssueId",
        "parentId": "g3bioufi3f",
        "spanId": "6764qn8uuir",
        "type": "component-render",
      },
    ],
    "childrenCount": 1,
    "depth": 0,
    "name": "OmniComposer",
    "parentId": undefined,
    "spanId": "g3bioufi3f",
    "type": "component-render",
  },
  {
    "children": [],
    "childrenCount": 0,
    "depth": 0,
    "name": "useQuery: Lotus__IntelligenceSettings/firstRenderTillData",
    "parentId": undefined,
    "spanId": "computed-span-useQuery: Lotus__IntelligenceSettings-flon2op03qt",
    "type": "computed-span",
  },
  {
    "children": [],
    "childrenCount": 0,
    "depth": 0,
    "name": "useQuery: brands/firstRenderTillData",
    "parentId": undefined,
    "spanId": "computed-span-useQuery: brands-flon2op03qt",
    "type": "computed-span",
  },
  {
    "children": [],
    "childrenCount": 0,
    "depth": 0,
    "name": "useQuery: groupAgents/firstRenderTillData",
    "parentId": undefined,
    "spanId": "computed-span-useQuery: groupAgents-flon2op03qt",
    "type": "computed-span",
  },
  {
    "children": [],
    "childrenCount": 0,
    "depth": 0,
    "name": "useQuery: convoPaneChatConversationStateQuery/firstRenderTillData",
    "parentId": undefined,
    "spanId": "computed-span-useQuery: convoPaneChatConversationStateQuery-flon2op03qt",
    "type": "computed-span",
  },
  {
    "children": [],
    "childrenCount": 0,
    "depth": 0,
    "name": "useQuery: agentsInChatQuery/firstRenderTillData",
    "parentId": undefined,
    "spanId": "computed-span-useQuery: agentsInChatQuery-flon2op03qt",
    "type": "computed-span",
  },
  {
    "children": [],
    "childrenCount": 0,
    "depth": 0,
    "name": "useQuery: agentOwnIdQuery/firstRenderTillData",
    "parentId": undefined,
    "spanId": "computed-span-useQuery: agentOwnIdQuery-flon2op03qt",
    "type": "computed-span",
  },
  {
    "children": [],
    "childrenCount": 0,
    "depth": 0,
    "name": "useQuery: AgentStatesForChannelQuery/firstRenderTillData",
    "parentId": undefined,
    "spanId": "computed-span-useQuery: AgentStatesForChannelQuery-flon2op03qt",
    "type": "computed-span",
  },
  {
    "children": [],
    "childrenCount": 0,
    "depth": 0,
    "name": "useQuery: assigneesAutocomplete/firstRenderTillData",
    "parentId": undefined,
    "spanId": "computed-span-useQuery: assigneesAutocomplete-flon2op03qt",
    "type": "computed-span",
  },
  {
    "children": [
      {
        "childrenCount": 1,
        "depth": 1,
        "name": "useQuery: assigneesAutocomplete",
        "parentId": "akdyrguqj2s",
        "spanId": "ckew9p871tl",
        "type": "component-render",
      },
    ],
    "childrenCount": 1,
    "depth": 0,
    "name": "AssigneeMenu",
    "parentId": undefined,
    "spanId": "akdyrguqj2s",
    "type": "component-render",
  },
  {
    "children": [],
    "childrenCount": 0,
    "depth": 0,
    "name": "ToolbarTabsShell",
    "parentId": undefined,
    "spanId": "09yvyy29hhz4",
    "type": "component-render",
  },
  {
    "children": [],
    "childrenCount": 0,
    "depth": 0,
    "name": "open_ticket/paint/ticket_workspace/107",
    "parentId": undefined,
    "spanId": "ke6vpg6s0ws",
    "type": "measure",
  },
  {
    "children": [],
    "childrenCount": 0,
    "depth": 0,
    "name": "open_ticket/paint/omnilog/107",
    "parentId": undefined,
    "spanId": "bukvclsyah",
    "type": "measure",
  },
  {
    "children": [],
    "childrenCount": 0,
    "depth": 0,
    "name": "layout-shift",
    "parentId": undefined,
    "spanId": "slorqo86dwa",
    "type": "layout-shift",
  },
  {
    "children": [],
    "childrenCount": 0,
    "depth": 0,
    "name": "long-animation-frame",
    "parentId": undefined,
    "spanId": "7i88h0hx743",
    "type": "long-animation-frame",
  },
  {
    "children": [],
    "childrenCount": 0,
    "depth": 0,
    "name": "https://o$d.ingest.sentry.io/api/$d/envelope/",
    "parentId": undefined,
    "spanId": "1dilfzsyanoj",
    "type": "resource",
  },
  {
    "children": [],
    "childrenCount": 0,
    "depth": 0,
    "name": "https://o$d.ingest.sentry.io/api/$d/envelope/",
    "parentId": undefined,
    "spanId": "ngaayrg1j6m",
    "type": "resource",
  },
  {
    "children": [],
    "childrenCount": 0,
    "depth": 0,
    "name": "ticket/107/open",
    "parentId": undefined,
    "spanId": "wtu66j0xpx",
    "type": "measure",
  },
  {
    "children": [],
    "childrenCount": 0,
    "depth": 0,
    "name": "ticket/load_omnilog_from_new_workspace/107",
    "parentId": undefined,
    "spanId": "ugs7sxu7ozl",
    "type": "measure",
  },
  {
    "children": [],
    "childrenCount": 0,
    "depth": 0,
    "name": "ticket/load_omnilog_from_new_workspace/107",
    "parentId": undefined,
    "spanId": "q64jwxhlmqe",
    "type": "mark",
  },
  {
    "children": [],
    "childrenCount": 0,
    "depth": 0,
    "name": "models/conversations/107/fetch",
    "parentId": undefined,
    "spanId": "bh1sbm53pfb",
    "type": "measure",
  },
  {
    "children": [],
    "childrenCount": 0,
    "depth": 0,
    "name": "https://example.zendesk.com/api/lotus/tickets/$d/conversations.json",
    "parentId": undefined,
    "spanId": "s6sgr4fon3",
    "type": "resource",
  },
  {
    "children": [],
    "childrenCount": 0,
    "depth": 0,
    "name": "workspace.contextual_workspace.resolution",
    "parentId": undefined,
    "spanId": "vgh52kc6779",
    "type": "measure",
  },
  {
    "children": [],
    "childrenCount": 0,
    "depth": 0,
    "name": "ticket.activate",
    "parentId": undefined,
    "spanId": "84wsnhjyjzs",
    "type": "mark",
  },
  {
    "children": [],
    "childrenCount": 0,
    "depth": 0,
    "name": "models/ticket/107/fetch",
    "parentId": undefined,
    "spanId": "xfqso9rdeyj",
    "type": "measure",
  },
  {
    "children": [],
    "childrenCount": 0,
    "depth": 0,
    "name": "https://example.zendesk.com/api/v2/tickets/$d",
    "parentId": undefined,
    "spanId": "0c6mtcu3bm3f",
    "type": "resource",
  },
  {
    "children": [],
    "childrenCount": 0,
    "depth": 0,
    "name": "https://example.zendesk.com/api/v2beta/tickets/$d/related",
    "parentId": undefined,
    "spanId": "yrnhv29b2vo",
    "type": "resource",
  },
  {
    "children": [],
    "childrenCount": 0,
    "depth": 0,
    "name": "https://example.zendesk.com/api/v2/users/$d/identities",
    "parentId": undefined,
    "spanId": "jwoo504n1d",
    "type": "resource",
  },
  {
    "children": [],
    "childrenCount": 0,
    "depth": 0,
    "name": "https://example.zendesk.com/api/v2/users/$d/related.json",
    "parentId": undefined,
    "spanId": "6sr17uh05p3",
    "type": "resource",
  },
  {
    "children": [],
    "childrenCount": 0,
    "depth": 0,
    "name": "https://example.zendesk.com/api/v2/users/$d/organization_memberships",
    "parentId": undefined,
    "spanId": "p4eh7a9rz4",
    "type": "resource",
  },
  {
    "children": [],
    "childrenCount": 0,
    "depth": 0,
    "name": "useQuery: agentOwnPresence/firstRenderTillData",
    "parentId": undefined,
    "spanId": "computed-span-useQuery: agentOwnPresence-flon2op03qt",
    "type": "computed-span",
  },
  {
    "children": [],
    "childrenCount": 0,
    "depth": 0,
    "name": "useQuery: customAgentStatuses/firstRenderTillData",
    "parentId": undefined,
    "spanId": "computed-span-useQuery: customAgentStatuses-flon2op03qt",
    "type": "computed-span",
  },
  {
    "children": [
      {
        "childrenCount": 1,
        "depth": 1,
        "name": "useQuery: customAgentStatuses",
        "parentId": "dt6evhzi70i",
        "spanId": "o0s69azq99n",
        "type": "component-render",
      },
    ],
    "childrenCount": 1,
    "depth": 0,
    "name": "ConversationPane",
    "parentId": undefined,
    "spanId": "dt6evhzi70i",
    "type": "component-render",
  },
  {
    "children": [],
    "childrenCount": 0,
    "depth": 0,
    "name": "OmniHeader",
    "parentId": undefined,
    "spanId": "esomethyqen",
    "type": "component-render",
  },
  {
    "children": [
      {
        "childrenCount": 0,
        "depth": 1,
        "name": "useQuery: chatConversationSourceByIssueId",
        "parentId": "d82x959mwuw",
        "spanId": "khn67u8aul",
        "type": "component-render",
      },
    ],
    "childrenCount": 1,
    "depth": 0,
    "name": "OmniComposer",
    "parentId": undefined,
    "spanId": "d82x959mwuw",
    "type": "component-render",
  },
  {
    "children": [],
    "childrenCount": 0,
    "depth": 0,
    "name": "useQuery: submitButtonChatConversationStateQuery/firstRenderTillData",
    "parentId": undefined,
    "spanId": "computed-span-useQuery: submitButtonChatConversationStateQuery-flon2op03qt",
    "type": "computed-span",
  },
  {
    "children": [
      {
        "childrenCount": 1,
        "depth": 1,
        "name": "useQuery: Lotus__IntelligenceSettings",
        "parentId": "zeznn953bab",
        "spanId": "m6ncxd62a1",
        "type": "component-render",
      },
    ],
    "childrenCount": 1,
    "depth": 0,
    "name": "useQuery: submitButtonChatConversationStateQuery",
    "parentId": undefined,
    "spanId": "zeznn953bab",
    "type": "component-render",
  },
  {
    "children": [],
    "childrenCount": 0,
    "depth": 0,
    "name": "long-animation-frame",
    "parentId": undefined,
    "spanId": "e6d5lfq0e5",
    "type": "long-animation-frame",
  },
  {
    "children": [],
    "childrenCount": 0,
    "depth": 0,
    "name": "https://example.zendesk.com/api/v2/users/$d",
    "parentId": undefined,
    "spanId": "p08m6pk0uy8",
    "type": "resource",
  },
  {
    "children": [],
    "childrenCount": 0,
    "depth": 0,
    "name": "NavBarAppContainer/firstRenderTillData",
    "parentId": undefined,
    "spanId": "computed-span-NavBarAppContainer-flon2op03qt",
    "type": "computed-span",
  },
  {
    "children": [],
    "childrenCount": 0,
    "depth": 0,
    "name": "NavBarAppContainer",
    "parentId": undefined,
    "spanId": "92u07vxzgyf",
    "type": "component-render",
  },
  {
    "children": [],
    "childrenCount": 0,
    "depth": 0,
    "name": "useQuery: getOESTasks/firstRenderTillData",
    "parentId": undefined,
    "spanId": "computed-span-useQuery: getOESTasks-flon2op03qt",
    "type": "computed-span",
  },
  {
    "children": [],
    "childrenCount": 0,
    "depth": 0,
    "name": "useQuery: getRecipientAddresses/firstRenderTillData",
    "parentId": undefined,
    "spanId": "computed-span-useQuery: getRecipientAddresses-flon2op03qt",
    "type": "computed-span",
  },
  {
    "children": [],
    "childrenCount": 0,
    "depth": 0,
    "name": "useQuery: getPhoneNumbers/firstRenderTillData",
    "parentId": undefined,
    "spanId": "computed-span-useQuery: getPhoneNumbers-flon2op03qt",
    "type": "computed-span",
  },
  {
    "children": [],
    "childrenCount": 0,
    "depth": 0,
    "name": "useQuery: chatCustomerIdQuery/firstRenderTillData",
    "parentId": undefined,
    "spanId": "computed-span-useQuery: chatCustomerIdQuery-flon2op03qt",
    "type": "computed-span",
  },
  {
    "children": [
      {
        "childrenCount": 1,
        "depth": 1,
        "name": "useQuery: chatCustomerIdQuery",
        "parentId": "dxidzvhjxla",
        "spanId": "b6pzvn8vph6",
        "type": "component-render",
      },
    ],
    "childrenCount": 1,
    "depth": 0,
    "name": "AgentCollision",
    "parentId": undefined,
    "spanId": "dxidzvhjxla",
    "type": "component-render",
  },
  {
    "children": [],
    "childrenCount": 0,
    "depth": 0,
    "name": "useQuery: AgentGraphRemoteLotusAllMacrosQuery/firstRenderTillData",
    "parentId": undefined,
    "spanId": "computed-span-useQuery: AgentGraphRemoteLotusAllMacrosQuery-flon2op03qt",
    "type": "computed-span",
  },
  {
    "children": [],
    "childrenCount": 0,
    "depth": 0,
    "name": "useQuery: AgentGraphMostUsedMacrosQuery/firstRenderTillData",
    "parentId": undefined,
    "spanId": "computed-span-useQuery: AgentGraphMostUsedMacrosQuery-flon2op03qt",
    "type": "computed-span",
  },
  {
    "children": [],
    "childrenCount": 0,
    "depth": 0,
    "name": "useQuery: suggestedMacrosQuery/firstRenderTillData",
    "parentId": undefined,
    "spanId": "computed-span-useQuery: suggestedMacrosQuery-flon2op03qt",
    "type": "computed-span",
  },
  {
    "children": [],
    "childrenCount": 0,
    "depth": 0,
    "name": "useQuery: AgentGraphSuggestedMacrosQuery/firstRenderTillData",
    "parentId": undefined,
    "spanId": "computed-span-useQuery: AgentGraphSuggestedMacrosQuery-flon2op03qt",
    "type": "computed-span",
  },
  {
    "children": [
      {
        "childrenCount": 1,
        "depth": 1,
        "name": "useQuery: AgentGraphSuggestedMacrosQuery",
        "parentId": "5a4eoumg4ye",
        "spanId": "wstz7t0bee",
        "type": "component-render",
      },
    ],
    "childrenCount": 1,
    "depth": 0,
    "name": "TicketFooterMacroMenu",
    "parentId": undefined,
    "spanId": "5a4eoumg4ye",
    "type": "component-render",
  },
  {
    "children": [],
    "childrenCount": 0,
    "depth": 0,
    "name": "ConversationPane/firstRenderTillData",
    "parentId": undefined,
    "spanId": "computed-span-ConversationPane-flon2op03qt",
    "type": "computed-span",
  },
  {
    "children": [
      {
        "childrenCount": 0,
        "depth": 1,
        "name": "useQuery: customStatuses",
        "parentId": "rvxakyl6pi",
        "spanId": "whjsj0b1hu",
        "type": "component-render",
      },
    ],
    "childrenCount": 1,
    "depth": 0,
    "name": "ConversationPane",
    "parentId": undefined,
    "spanId": "rvxakyl6pi",
    "type": "component-render",
  },
  {
    "children": [],
    "childrenCount": 0,
    "depth": 0,
    "name": "OmniHeader/firstRenderTillData",
    "parentId": undefined,
    "spanId": "computed-span-OmniHeader-flon2op03qt",
    "type": "computed-span",
  },
  {
    "children": [],
    "childrenCount": 0,
    "depth": 0,
    "name": "OmniHeader",
    "parentId": undefined,
    "spanId": "9bdvrjasqld",
    "type": "component-render",
  },
  {
    "children": [],
    "childrenCount": 0,
    "depth": 0,
    "name": "ticket/omniheader/107/tti",
    "parentId": undefined,
    "spanId": "fohimlfyfvk",
    "type": "measure",
  },
  {
    "children": [],
    "childrenCount": 0,
    "depth": 0,
    "name": "ticket/omniheader/107/ttr",
    "parentId": undefined,
    "spanId": "m5ydztbo9u",
    "type": "measure",
  },
  {
    "children": [],
    "childrenCount": 0,
    "depth": 0,
    "name": "useQuery: ticketPolicyMetrics/firstRenderTillData",
    "parentId": undefined,
    "spanId": "computed-span-useQuery: ticketPolicyMetrics-flon2op03qt",
    "type": "computed-span",
  },
  {
    "children": [],
    "childrenCount": 0,
    "depth": 0,
    "name": "omnilog-in-convopane-rendered",
    "parentId": undefined,
    "spanId": "computed-span-omnilog-in-convopane-rendered-flon2op03qt",
    "type": "computed-span",
  },
  {
    "children": [],
    "childrenCount": 0,
    "depth": 0,
    "name": "OmniLog/firstRenderTillData",
    "parentId": undefined,
    "spanId": "computed-span-OmniLog-flon2op03qt",
    "type": "computed-span",
  },
  {
    "children": [
      {
        "childrenCount": 1,
        "depth": 1,
        "name": "useQuery: AgentGraphAgentOwnChatNotificationSettings",
        "parentId": "r3xvgzmvdef",
        "spanId": "koghp80jb3c",
        "type": "component-render",
      },
    ],
    "childrenCount": 1,
    "depth": 0,
    "name": "OmniLog",
    "parentId": undefined,
    "spanId": "r3xvgzmvdef",
    "type": "component-render",
  },
  {
    "children": [],
    "childrenCount": 0,
    "depth": 0,
    "name": "ticket/omnilog/conversation_log/107/tti",
    "parentId": undefined,
    "spanId": "wld3t0ci7zl",
    "type": "measure",
  },
  {
    "children": [],
    "childrenCount": 0,
    "depth": 0,
    "name": "event/pointerdown",
    "parentId": undefined,
    "spanId": "7abgeqlxbd",
    "type": "event",
  },
  {
    "children": [],
    "childrenCount": 0,
    "depth": 0,
    "name": "event/mousedown",
    "parentId": undefined,
    "spanId": "jgaxtn3gctj",
    "type": "event",
  },
  {
    "children": [],
    "childrenCount": 0,
    "depth": 0,
    "name": "useQuery: ticketLookupTicketFields/firstRenderTillData",
    "parentId": undefined,
    "spanId": "computed-span-useQuery: ticketLookupTicketFields-flon2op03qt",
    "type": "computed-span",
  },
  {
    "children": [],
    "childrenCount": 0,
    "depth": 0,
    "name": "useQuery: Lotus__Brands/firstRenderTillData",
    "parentId": undefined,
    "spanId": "computed-span-useQuery: Lotus__Brands-flon2op03qt",
    "type": "computed-span",
  },
  {
    "children": [],
    "childrenCount": 0,
    "depth": 0,
    "name": "useQuery: ThreadListQuery/firstRenderTillData",
    "parentId": undefined,
    "spanId": "computed-span-useQuery: ThreadListQuery-flon2op03qt",
    "type": "computed-span",
  },
  {
    "children": [],
    "childrenCount": 0,
    "depth": 0,
    "name": "useQuery: DuplicateTicketsSuggestions/firstRenderTillData",
    "parentId": undefined,
    "spanId": "computed-span-useQuery: DuplicateTicketsSuggestions-flon2op03qt",
    "type": "computed-span",
  },
  {
    "children": [],
    "childrenCount": 0,
    "depth": 0,
    "name": "useQuery: GetApprovalRequestsByTicketId/firstRenderTillData",
    "parentId": undefined,
    "spanId": "computed-span-useQuery: GetApprovalRequestsByTicketId-flon2op03qt",
    "type": "computed-span",
  },
  {
    "children": [
      {
        "childrenCount": 1,
        "depth": 1,
        "name": "useQuery: GetApprovalRequestsByTicketId",
        "parentId": "0clox7p2hgb4",
        "spanId": "7cio6y8hgb",
        "type": "component-render",
      },
    ],
    "childrenCount": 1,
    "depth": 0,
    "name": "AppSidebar",
    "parentId": undefined,
    "spanId": "0clox7p2hgb4",
    "type": "component-render",
  },
  {
    "children": [],
    "childrenCount": 0,
    "depth": 0,
    "name": "AppShortcuts",
    "parentId": undefined,
    "spanId": "mtrt4guvc0r",
    "type": "component-render",
  },
  {
    "children": [],
    "childrenCount": 0,
    "depth": 0,
    "name": "ticket/agent_collision/107/tti",
    "parentId": undefined,
    "spanId": "xk3yr1rj8m",
    "type": "measure",
  },
  {
    "children": [],
    "childrenCount": 0,
    "depth": 0,
    "name": "ticket/agent_collision/107/ttr",
    "parentId": undefined,
    "spanId": "8qvbbbg6bs7",
    "type": "measure",
  },
  {
    "children": [],
    "childrenCount": 0,
    "depth": 0,
    "name": "AgentCollision",
    "parentId": undefined,
    "spanId": "z41pors5v9",
    "type": "component-render",
  },
  {
    "children": [],
    "childrenCount": 0,
    "depth": 0,
    "name": "TicketFooterShell/firstRenderTillData",
    "parentId": undefined,
    "spanId": "computed-span-TicketFooterShell-flon2op03qt",
    "type": "computed-span",
  },
  {
    "children": [
      {
        "childrenCount": 0,
        "depth": 1,
        "name": "useQuery: submitButtonChatConversationStateQuery",
        "parentId": "huftq40cjz6",
        "spanId": "kyx5wgqkchr",
        "type": "component-render",
      },
    ],
    "childrenCount": 1,
    "depth": 0,
    "name": "TicketFooterShell",
    "parentId": undefined,
    "spanId": "huftq40cjz6",
    "type": "component-render",
  },
  {
    "children": [],
    "childrenCount": 0,
    "depth": 0,
    "name": "ticket/footer/107/tti",
    "parentId": undefined,
    "spanId": "9lp98kkekjd",
    "type": "measure",
  },
  {
    "children": [],
    "childrenCount": 0,
    "depth": 0,
    "name": "ticket/footer/107/ttr",
    "parentId": undefined,
    "spanId": "rqauzu076e9",
    "type": "measure",
  },
  {
    "children": [
      {
        "childrenCount": 1,
        "depth": 1,
        "name": "useQuery: AgentGraphSuggestedMacrosQuery",
        "parentId": "txqtszism68",
        "spanId": "iu5van840n",
        "type": "component-render",
      },
    ],
    "childrenCount": 1,
    "depth": 0,
    "name": "TicketFooterMacroMenu",
    "parentId": undefined,
    "spanId": "txqtszism68",
    "type": "component-render",
  },
  {
    "children": [],
    "childrenCount": 0,
    "depth": 0,
    "name": "useQuery: ticketFormStatuses/firstRenderTillData",
    "parentId": undefined,
    "spanId": "computed-span-useQuery: ticketFormStatuses-flon2op03qt",
    "type": "computed-span",
  },
  {
    "children": [],
    "childrenCount": 0,
    "depth": 0,
    "name": "useQuery: user/firstRenderTillData",
    "parentId": undefined,
    "spanId": "computed-span-useQuery: user-flon2op03qt",
    "type": "computed-span",
  },
  {
    "children": [],
    "childrenCount": 0,
    "depth": 0,
    "name": "useQuery: user",
    "parentId": undefined,
    "spanId": "nmjd7uw1p8",
    "type": "component-render",
  },
  {
    "children": [],
    "childrenCount": 0,
    "depth": 0,
    "name": "user_suspension.fetch_user_permissions",
    "parentId": undefined,
    "spanId": "qgrloa8yx9",
    "type": "measure",
  },
  {
    "children": [],
    "childrenCount": 0,
    "depth": 0,
    "name": "https://example.zendesk.com/api/v2/users/show_many?ids=&include=abilities",
    "parentId": undefined,
    "spanId": "hchext6x8d",
    "type": "measure",
  },
  {
    "children": [],
    "childrenCount": 0,
    "depth": 0,
    "name": "https://example.zendesk.com/api/v2/users/show_many",
    "parentId": undefined,
    "spanId": "nr8fz5a1lh",
    "type": "resource",
  },
  {
    "children": [
      {
        "childrenCount": 0,
        "depth": 1,
        "name": "https://example.zendesk.com/api/subscriptions/connections/01JYN9QPDNG5N8HEW9M8PSVSJ9",
        "parentId": "s6br077r8z8",
        "spanId": "867dfvl7tpq",
        "type": "measure",
      },
      {
        "childrenCount": 0,
        "depth": 1,
        "name": "https://example.zendesk.com/api/lotus/graphql",
        "parentId": "s6br077r8z8",
        "spanId": "9d3e4z9230w",
        "type": "measure",
      },
    ],
    "childrenCount": 2,
    "depth": 0,
    "name": "apollo-link: MessagingConversationActivityEventSubscription",
    "parentId": undefined,
    "spanId": "s6br077r8z8",
    "type": "mark",
  },
  {
    "children": [],
    "childrenCount": 0,
    "depth": 0,
    "name": "apollo-link: user",
    "parentId": undefined,
    "spanId": "pfb5jt1n0i",
    "type": "measure",
  },
  {
    "children": [
      {
        "childrenCount": 0,
        "depth": 1,
        "name": "https://example.zendesk.com/api/graphql",
        "parentId": "0p36q7seyvdh",
        "spanId": "mnr29yt911d",
        "type": "measure",
      },
    ],
    "childrenCount": 1,
    "depth": 0,
    "name": "apollo-link: CopilotSimilarTickets",
    "parentId": undefined,
    "spanId": "0p36q7seyvdh",
    "type": "measure",
  },
  {
    "children": [],
    "childrenCount": 0,
    "depth": 0,
    "name": "graphql/local/query/user",
    "parentId": undefined,
    "spanId": "1v9uhzm3i7d",
    "type": "resource",
  },
  {
    "children": [],
    "childrenCount": 0,
    "depth": 0,
    "name": "graphql/platform-data-graph-gateway/query/CopilotSimilarTickets",
    "parentId": undefined,
    "spanId": "eulokxfhh6",
    "type": "resource",
  },
  {
    "children": [],
    "childrenCount": 0,
    "depth": 0,
    "name": "apollo-link: ToolbarButtonSubscription",
    "parentId": undefined,
    "spanId": "em5jmvrjrmt",
    "type": "mark",
  },
  {
    "children": [],
    "childrenCount": 0,
    "depth": 0,
    "name": "https://example.zendesk.com/api/v2/users/9253941641882.json?include=abilities,roles,groups,organizations,identities,external_permissions",
    "parentId": undefined,
    "spanId": "i3mnbz5v3sp",
    "type": "measure",
  },
  {
    "children": [],
    "childrenCount": 0,
    "depth": 0,
    "name": "https://example.zendesk.com/api/v2/users/$d.json",
    "parentId": undefined,
    "spanId": "hitd8y72m0g",
    "type": "resource",
  },
  {
    "children": [],
    "childrenCount": 0,
    "depth": 0,
    "name": "https://example.zendesk.com/collaboration/graphql",
    "parentId": undefined,
    "spanId": "6545hrpc0q5",
    "type": "measure",
  },
  {
    "children": [],
    "childrenCount": 0,
    "depth": 0,
    "name": "https://example.zendesk.com/collaboration/graphql",
    "parentId": undefined,
    "spanId": "s9iff5l8w0k",
    "type": "resource",
  },
  {
    "children": [],
    "childrenCount": 0,
    "depth": 0,
    "name": "https://example.zendesk.com/api/graphql",
    "parentId": undefined,
    "spanId": "yl74yucj9cp",
    "type": "resource",
  },
  {
    "children": [],
    "childrenCount": 0,
    "depth": 0,
    "name": "https://example.zendesk.com/api/graphql",
    "parentId": undefined,
    "spanId": "higux1wlafr",
    "type": "resource",
  },
  {
    "children": [],
    "childrenCount": 0,
    "depth": 0,
    "name": "https://example.zendesk.com/api/graphql",
    "parentId": undefined,
    "spanId": "x2gtg35iex",
    "type": "resource",
  },
  {
    "children": [],
    "childrenCount": 0,
    "depth": 0,
    "name": "https://example.zendesk.com/api/subscriptions/connections/$dJYN9QPDNG5N8HEW9M8PSVSJ9",
    "parentId": undefined,
    "spanId": "776mloo3mrw",
    "type": "resource",
  },
  {
    "children": [
      {
        "childrenCount": 0,
        "depth": 1,
        "name": "https://example.zendesk.com/api/lotus/graphql",
        "parentId": "ofzk9tut3s",
        "spanId": "tlrvbenk79",
        "type": "measure",
      },
    ],
    "childrenCount": 1,
    "depth": 0,
    "name": "apollo-link: ticket",
    "parentId": undefined,
    "spanId": "ofzk9tut3s",
    "type": "measure",
  },
  {
    "children": [],
    "childrenCount": 0,
    "depth": 0,
    "name": "graphql/support_remote/query/ticket",
    "parentId": undefined,
    "spanId": "vg12iojb1f",
    "type": "resource",
  },
  {
    "children": [
      {
        "childrenCount": 0,
        "depth": 1,
        "name": "https://example.zendesk.com/api/graphql",
        "parentId": "en7fl2ydyjc",
        "spanId": "cw3elszgsle",
        "type": "measure",
      },
    ],
    "childrenCount": 1,
    "depth": 0,
    "name": "apollo-link: BFFConvoLogQuery",
    "parentId": undefined,
    "spanId": "en7fl2ydyjc",
    "type": "measure",
  },
  {
    "children": [],
    "childrenCount": 0,
    "depth": 0,
    "name": "graphql/platform-data-graph-gateway/query/BFFConvoLogQuery",
    "parentId": undefined,
    "spanId": "1axo28ecsc1",
    "type": "resource",
  },
  {
    "children": [
      {
        "childrenCount": 0,
        "depth": 1,
        "name": "https://example.zendesk.com/api/subscriptions/connections/01JYN9QPDNG5N8HEW9M8PSVSJ9",
        "parentId": "m4xqs8l5msi",
        "spanId": "1k6ipmy3qoe",
        "type": "measure",
      },
      {
        "childrenCount": 0,
        "depth": 1,
        "name": "https://example.zendesk.com/api/graphql",
        "parentId": "m4xqs8l5msi",
        "spanId": "dbknu17n7b5",
        "type": "measure",
      },
    ],
    "childrenCount": 2,
    "depth": 0,
    "name": "apollo-link: MessagingConvoEventsSubscription",
    "parentId": undefined,
    "spanId": "m4xqs8l5msi",
    "type": "mark",
  },
  {
    "children": [
      {
        "childrenCount": 0,
        "depth": 1,
        "name": "https://example.zendesk.com/api/subscriptions/connections/01JYN9QPDNG5N8HEW9M8PSVSJ9",
        "parentId": "da6ik6am3gn",
        "spanId": "72nuhzbqhra",
        "type": "measure",
      },
      {
        "childrenCount": 0,
        "depth": 1,
        "name": "https://example.zendesk.com/api/lotus/graphql",
        "parentId": "da6ik6am3gn",
        "spanId": "jzilxpqtds",
        "type": "measure",
      },
    ],
    "childrenCount": 2,
    "depth": 0,
    "name": "apollo-link: MessagingConversationState",
    "parentId": undefined,
    "spanId": "da6ik6am3gn",
    "type": "mark",
  },
  {
    "children": [],
    "childrenCount": 0,
    "depth": 0,
    "name": "https://example.zendesk.com/api/lotus/graphql",
    "parentId": undefined,
    "spanId": "0g3pp5i0971s",
    "type": "resource",
  },
  {
    "children": [],
    "childrenCount": 0,
    "depth": 0,
    "name": "https://example.zendesk.com/api/graphql",
    "parentId": undefined,
    "spanId": "l33c8nvsm7",
    "type": "resource",
  },
  {
    "children": [],
    "childrenCount": 0,
    "depth": 0,
    "name": "element/text-paint",
    "parentId": undefined,
    "spanId": "mxvxbbl5jwp",
    "type": "element",
  },
  {
    "children": [],
    "childrenCount": 0,
    "depth": 0,
    "name": "long-animation-frame",
    "parentId": undefined,
    "spanId": "5r4cxvcuggs",
    "type": "long-animation-frame",
  },
  {
    "children": [
      {
        "childrenCount": 1,
        "depth": 1,
        "name": "useQuery: Lotus__IntelligenceSettings",
        "parentId": "ujs4gdjnk9",
        "spanId": "cgz3u73gzk",
        "type": "component-render",
      },
    ],
    "childrenCount": 1,
    "depth": 0,
    "name": "AgentCollision",
    "parentId": undefined,
    "spanId": "ujs4gdjnk9",
    "type": "component-render",
  },
  {
    "children": [
      {
        "childrenCount": 0,
        "depth": 1,
        "name": "useQuery: customStatuses",
        "parentId": "i3j4ug56hh",
        "spanId": "tf7ko6p0ov",
        "type": "component-render",
      },
    ],
    "childrenCount": 1,
    "depth": 0,
    "name": "ConversationPane",
    "parentId": undefined,
    "spanId": "i3j4ug56hh",
    "type": "component-render",
  },
  {
    "children": [],
    "childrenCount": 0,
    "depth": 0,
    "name": "OmniHeader",
    "parentId": undefined,
    "spanId": "iwblcv1gx",
    "type": "component-render",
  },
  {
    "children": [
      {
        "childrenCount": 1,
        "depth": 1,
        "name": "useQuery: AgentGraphAgentOwnChatNotificationSettings",
        "parentId": "n6sl1uys0xq",
        "spanId": "k6de44rvfn",
        "type": "component-render",
      },
    ],
    "childrenCount": 1,
    "depth": 0,
    "name": "OmniLog",
    "parentId": undefined,
    "spanId": "n6sl1uys0xq",
    "type": "component-render",
  },
  {
    "children": [],
    "childrenCount": 0,
    "depth": 0,
    "name": "create_omnicomposer_first_load",
    "parentId": undefined,
    "spanId": "arce2623ahj",
    "type": "measure",
  },
  {
    "children": [],
    "childrenCount": 0,
    "depth": 0,
    "name": "OmniComposer/firstRenderTillData",
    "parentId": undefined,
    "spanId": "computed-span-OmniComposer-flon2op03qt",
    "type": "computed-span",
  },
  {
    "children": [
      {
        "childrenCount": 0,
        "depth": 1,
        "name": "useQuery: chatConversationSourceByIssueId",
        "parentId": "rj0wo6gfvt",
        "spanId": "5ol2ng5qkmc",
        "type": "component-render",
      },
    ],
    "childrenCount": 1,
    "depth": 0,
    "name": "OmniComposer",
    "parentId": undefined,
    "spanId": "rj0wo6gfvt",
    "type": "component-render",
  },
  {
    "children": [
      {
        "childrenCount": 1,
        "depth": 1,
        "name": "useQuery: DuplicateTicketsSuggestions",
        "parentId": "aq7i18e7xl",
        "spanId": "b7vwdqp24i",
        "type": "component-render",
      },
    ],
    "childrenCount": 1,
    "depth": 0,
    "name": "AppSidebar",
    "parentId": undefined,
    "spanId": "aq7i18e7xl",
    "type": "component-render",
  },
  {
    "children": [],
    "childrenCount": 0,
    "depth": 0,
    "name": "AgentCollision",
    "parentId": undefined,
    "spanId": "j7xyewvofji",
    "type": "component-render",
  },
  {
    "children": [],
    "childrenCount": 0,
    "depth": 0,
    "name": "useQuery: CustomFieldsAndForms/firstRenderTillData",
    "parentId": undefined,
    "spanId": "computed-span-useQuery: CustomFieldsAndForms-flon2op03qt",
    "type": "computed-span",
  },
  {
    "children": [],
    "childrenCount": 0,
    "depth": 0,
    "name": "useQuery: UsersAutocomplete/firstRenderTillData",
    "parentId": undefined,
    "spanId": "computed-span-useQuery: UsersAutocomplete-flon2op03qt",
    "type": "computed-span",
  },
  {
    "children": [],
    "childrenCount": 0,
    "depth": 0,
    "name": "useQuery: RequesterOrganizationQuery/firstRenderTillData",
    "parentId": undefined,
    "spanId": "computed-span-useQuery: RequesterOrganizationQuery-flon2op03qt",
    "type": "computed-span",
  },
  {
    "children": [],
    "childrenCount": 0,
    "depth": 0,
    "name": "useQuery: groups/firstRenderTillData",
    "parentId": undefined,
    "spanId": "computed-span-useQuery: groups-flon2op03qt",
    "type": "computed-span",
  },
  {
    "children": [
      {
        "childrenCount": 1,
        "depth": 1,
        "name": "useQuery: assigneesAutocomplete",
        "parentId": "3pr1l5sk0gn",
        "spanId": "h827d21r05i",
        "type": "component-render",
      },
    ],
    "childrenCount": 1,
    "depth": 0,
    "name": "AssigneeMenu",
    "parentId": undefined,
    "spanId": "3pr1l5sk0gn",
    "type": "component-render",
  },
  {
    "children": [],
    "childrenCount": 0,
    "depth": 0,
    "name": "useQuery: getFollowerUsers/firstRenderTillData",
    "parentId": undefined,
    "spanId": "computed-span-useQuery: getFollowerUsers-flon2op03qt",
    "type": "computed-span",
  },
  {
    "children": [],
    "childrenCount": 0,
    "depth": 0,
    "name": "useQuery: SharingAgreements/firstRenderTillData",
    "parentId": undefined,
    "spanId": "computed-span-useQuery: SharingAgreements-flon2op03qt",
    "type": "computed-span",
  },
  {
    "children": [],
    "childrenCount": 0,
    "depth": 0,
    "name": "useQuery: allForms/firstRenderTillData",
    "parentId": undefined,
    "spanId": "computed-span-useQuery: allForms-flon2op03qt",
    "type": "computed-span",
  },
  {
    "children": [],
    "childrenCount": 0,
    "depth": 0,
    "name": "useQuery: ticketForm/firstRenderTillData",
    "parentId": undefined,
    "spanId": "computed-span-useQuery: ticketForm-flon2op03qt",
    "type": "computed-span",
  },
  {
    "children": [],
    "childrenCount": 0,
    "depth": 0,
    "name": "useQuery: tagsOptions/firstRenderTillData",
    "parentId": undefined,
    "spanId": "computed-span-useQuery: tagsOptions-flon2op03qt",
    "type": "computed-span",
  },
  {
    "children": [
      {
        "childrenCount": 1,
        "depth": 1,
        "name": "useQuery: chatConversationSourceByIssueId",
        "parentId": "og5s7rx0k9a",
        "spanId": "8zhbjzkumfe",
        "type": "component-render",
      },
    ],
    "childrenCount": 1,
    "depth": 0,
    "name": "OmniComposer",
    "parentId": undefined,
    "spanId": "og5s7rx0k9a",
    "type": "component-render",
  },
  {
    "children": [],
    "childrenCount": 0,
    "depth": 0,
    "name": "macro_shortcuts/load_time",
    "parentId": undefined,
    "spanId": "qjfcfvths3k",
    "type": "measure",
  },
  {
    "children": [
      {
        "childrenCount": 1,
        "depth": 1,
        "name": "useQuery: assigneesAutocomplete",
        "parentId": "2d93kccyxw6",
        "spanId": "vffgdkq4udh",
        "type": "component-render",
      },
    ],
    "childrenCount": 1,
    "depth": 0,
    "name": "AssigneeMenu",
    "parentId": undefined,
    "spanId": "2d93kccyxw6",
    "type": "component-render",
  },
  {
    "children": [],
    "childrenCount": 0,
    "depth": 0,
    "name": "apollo-link: customerDefaultOmni",
    "parentId": undefined,
    "spanId": "3as64vjkll4",
    "type": "measure",
  },
  {
    "children": [],
    "childrenCount": 0,
    "depth": 0,
    "name": "graphql/local/query/customerDefaultOmni",
    "parentId": undefined,
    "spanId": "49mns8e3qaf",
    "type": "resource",
  },
  {
    "children": [],
    "childrenCount": 0,
    "depth": 0,
    "name": "https://example.zendesk.com/api/v2/users/9253941641882/tickets/requested.json?include=comment_count,first_comment,last_comment,users,custom_statuses&per_page=10&sort_order=desc&sort_by=id&exclude_count=true&exclude_archived=true",
    "parentId": undefined,
    "spanId": "lghikwwt52",
    "type": "measure",
  },
  {
    "children": [],
    "childrenCount": 0,
    "depth": 0,
    "name": "https://example.zendesk.com/api/v2/users/$d/tickets/requested.json",
    "parentId": undefined,
    "spanId": "84206m4ifnp",
    "type": "resource",
  },
  {
    "children": [
      {
        "childrenCount": 0,
        "depth": 1,
        "name": "https://example.zendesk.com/api/lotus/graphql",
        "parentId": "zxn280xl2k",
        "spanId": "6j2jvegbxz4",
        "type": "measure",
      },
    ],
    "childrenCount": 1,
    "depth": 0,
    "name": "apollo-link: groupStatesForChannel",
    "parentId": undefined,
    "spanId": "zxn280xl2k",
    "type": "measure",
  },
  {
    "children": [
      {
        "childrenCount": 0,
        "depth": 1,
        "name": "https://example.zendesk.com/api/graphql",
        "parentId": "e1zf27ehb9j",
        "spanId": "x1rbvapc4rd",
        "type": "measure",
      },
    ],
    "childrenCount": 1,
    "depth": 0,
    "name": "apollo-link: AgentGraphChatComposerShortcuts",
    "parentId": undefined,
    "spanId": "e1zf27ehb9j",
    "type": "measure",
  },
  {
    "children": [],
    "childrenCount": 0,
    "depth": 0,
    "name": "graphql/support_remote/query/groupStatesForChannel",
    "parentId": undefined,
    "spanId": "a1mz24y1bq",
    "type": "resource",
  },
  {
    "children": [],
    "childrenCount": 0,
    "depth": 0,
    "name": "graphql/platform-data-graph-gateway/query/AgentGraphChatComposerShortcuts",
    "parentId": undefined,
    "spanId": "s12z13yu4lo",
    "type": "resource",
  },
  {
    "children": [],
    "childrenCount": 0,
    "depth": 0,
    "name": "https://example.zendesk.com/api/lotus/graphql",
    "parentId": undefined,
    "spanId": "h74r73wjlpf",
    "type": "resource",
  },
  {
    "children": [],
    "childrenCount": 0,
    "depth": 0,
    "name": "https://example.zendesk.com/api/graphql",
    "parentId": undefined,
    "spanId": "q7qca09t1c",
    "type": "resource",
  },
  {
    "children": [],
    "childrenCount": 0,
    "depth": 0,
    "name": "apollo-link: user",
    "parentId": undefined,
    "spanId": "cnnigzcawp8",
    "type": "measure",
  },
  {
    "children": [],
    "childrenCount": 0,
    "depth": 0,
    "name": "graphql/local/query/user",
    "parentId": undefined,
    "spanId": "v53nfege9ad",
    "type": "resource",
  },
  {
    "children": [],
    "childrenCount": 0,
    "depth": 0,
    "name": "https://example.zendesk.com/api/v2/users/9253941641882.json?include=abilities,roles,groups,organizations,identities,external_permissions",
    "parentId": undefined,
    "spanId": "4tb2usdjtfe",
    "type": "measure",
  },
  {
    "children": [],
    "childrenCount": 0,
    "depth": 0,
    "name": "https://example.zendesk.com/api/v2/users/$d.json",
    "parentId": undefined,
    "spanId": "io5nhij8xn",
    "type": "resource",
  },
  {
    "children": [],
    "childrenCount": 0,
    "depth": 0,
    "name": "layout-shift",
    "parentId": undefined,
    "spanId": "hhmbralp11k",
    "type": "layout-shift",
  },
  {
    "children": [],
    "childrenCount": 0,
    "depth": 0,
    "name": "long-animation-frame",
    "parentId": undefined,
    "spanId": "vywazl8or6n",
    "type": "long-animation-frame",
  },
  {
    "children": [
      {
        "childrenCount": 0,
        "depth": 1,
        "name": "useQuery: submitButtonChatConversationStateQuery",
        "parentId": "uvnku198k9",
        "spanId": "p9yhnq4ygk9",
        "type": "component-render",
      },
    ],
    "childrenCount": 1,
    "depth": 0,
    "name": "TicketFooterShell",
    "parentId": undefined,
    "spanId": "uvnku198k9",
    "type": "component-render",
  },
  {
    "children": [
      {
        "childrenCount": 1,
        "depth": 1,
        "name": "useQuery: assigneesAutocomplete",
        "parentId": "z82g4ze22e9",
        "spanId": "7ws7ba51l3",
        "type": "component-render",
      },
    ],
    "childrenCount": 1,
    "depth": 0,
    "name": "AssigneeMenu",
    "parentId": undefined,
    "spanId": "z82g4ze22e9",
    "type": "component-render",
  },
  {
    "children": [],
    "childrenCount": 0,
    "depth": 0,
    "name": "https://example.zendesk.com/api/subscriptions/connections/$dJYN9QPDNG5N8HEW9M8PSVSJ9",
    "parentId": undefined,
    "spanId": "yk3l57h6qc",
    "type": "resource",
  },
  {
    "children": [],
    "childrenCount": 0,
    "depth": 0,
    "name": "https://example.zendesk.com/api/subscriptions/connections/$dJYN9QPDNG5N8HEW9M8PSVSJ9",
    "parentId": undefined,
    "spanId": "qnudk556bdi",
    "type": "resource",
  },
  {
    "children": [],
    "childrenCount": 0,
    "depth": 0,
    "name": "https://example.zendesk.com/api/lotus/graphql",
    "parentId": undefined,
    "spanId": "nz4lksi9lp",
    "type": "resource",
  },
  {
    "children": [
      {
        "childrenCount": 0,
        "depth": 1,
        "name": "useQuery: chatConversationSourceByIssueId",
        "parentId": "2b1b477yyk3",
        "spanId": "8d2g12d3sc4",
        "type": "component-render",
      },
    ],
    "childrenCount": 1,
    "depth": 0,
    "name": "OmniComposer",
    "parentId": undefined,
    "spanId": "2b1b477yyk3",
    "type": "component-render",
  },
  {
    "children": [
      {
        "childrenCount": 1,
        "depth": 1,
        "name": "useQuery: assigneesAutocomplete",
        "parentId": "sc4capc2jll",
        "spanId": "pzeh0pooe68",
        "type": "component-render",
      },
    ],
    "childrenCount": 1,
    "depth": 0,
    "name": "AssigneeMenu",
    "parentId": undefined,
    "spanId": "sc4capc2jll",
    "type": "component-render",
  },
  {
    "children": [
      {
        "childrenCount": 1,
        "depth": 1,
        "name": "useQuery: UsersAutocomplete",
        "parentId": "ybbfu8mq94h",
        "spanId": "m2afbcx5o7",
        "type": "component-render",
      },
    ],
    "childrenCount": 1,
    "depth": 0,
    "name": "useQuery: RequesterOrganizationQuery",
    "parentId": undefined,
    "spanId": "ybbfu8mq94h",
    "type": "component-render",
  },
  {
    "children": [
      {
        "childrenCount": 1,
        "depth": 1,
        "name": "useQuery: customStatuses",
        "parentId": "yd4acjk3xcq",
        "spanId": "1lg4mqshqp4",
        "type": "component-render",
      },
    ],
    "childrenCount": 1,
    "depth": 0,
    "name": "ConversationPane",
    "parentId": undefined,
    "spanId": "yd4acjk3xcq",
    "type": "component-render",
  },
  {
    "children": [
      {
        "childrenCount": 1,
        "depth": 1,
        "name": "useQuery: AgentGraphAgentOwnChatNotificationSettings",
        "parentId": "mk1ah3hzs6",
        "spanId": "97rk2hksaoo",
        "type": "component-render",
      },
    ],
    "childrenCount": 1,
    "depth": 0,
    "name": "OmniLog",
    "parentId": undefined,
    "spanId": "mk1ah3hzs6",
    "type": "component-render",
  },
  {
    "children": [
      {
        "childrenCount": 0,
        "depth": 1,
        "name": "useQuery: chatConversationSourceByIssueId",
        "parentId": "nckk4q4wonq",
        "spanId": "9xzn4lnpaeu",
        "type": "component-render",
      },
    ],
    "childrenCount": 1,
    "depth": 0,
    "name": "OmniComposer",
    "parentId": undefined,
    "spanId": "nckk4q4wonq",
    "type": "component-render",
  },
  {
    "children": [
      {
        "childrenCount": 1,
        "depth": 1,
        "name": "useQuery: submitButtonChatConversationStateQuery",
        "parentId": "ux0foec3sxa",
        "spanId": "5p8uw6t8xia",
        "type": "component-render",
      },
    ],
    "childrenCount": 1,
    "depth": 0,
    "name": "TicketFooterShell",
    "parentId": undefined,
    "spanId": "ux0foec3sxa",
    "type": "component-render",
  },
  {
    "children": [
      {
        "childrenCount": 1,
        "depth": 1,
        "name": "useQuery: AgentGraphSuggestedMacrosQuery",
        "parentId": "8c8fox2mbsy",
        "spanId": "ghygh05oxso",
        "type": "component-render",
      },
    ],
    "childrenCount": 1,
    "depth": 0,
    "name": "TicketFooterMacroMenu",
    "parentId": undefined,
    "spanId": "8c8fox2mbsy",
    "type": "component-render",
  },
  {
    "children": [],
    "childrenCount": 0,
    "depth": 0,
    "name": "AgentCollision",
    "parentId": undefined,
    "spanId": "v2jzrqbsfgi",
    "type": "component-render",
  },
  {
    "children": [],
    "childrenCount": 0,
    "depth": 0,
    "name": "workspace.contextual_workspace.resolution",
    "parentId": undefined,
    "spanId": "zp1kou2e0e",
    "type": "measure",
  },
  {
    "children": [],
    "childrenCount": 0,
    "depth": 0,
    "name": "https://example.zendesk.com/api/v2/users/$d",
    "parentId": undefined,
    "spanId": "lbzn0993ek",
    "type": "resource",
  },
  {
    "children": [
      {
        "childrenCount": 0,
        "depth": 1,
        "name": "useQuery: chatConversationSourceByIssueId",
        "parentId": "fa76nkv5i44",
        "spanId": "muoiwbm18j",
        "type": "component-render",
      },
    ],
    "childrenCount": 1,
    "depth": 0,
    "name": "OmniComposer",
    "parentId": undefined,
    "spanId": "fa76nkv5i44",
    "type": "component-render",
  },
  {
    "children": [
      {
        "childrenCount": 0,
        "depth": 1,
        "name": "useQuery: chatConversationSourceByIssueId",
        "parentId": "ab6gdjsc4sa",
        "spanId": "0sdzx18nvn6l",
        "type": "component-render",
      },
    ],
    "childrenCount": 1,
    "depth": 0,
    "name": "OmniComposer",
    "parentId": undefined,
    "spanId": "ab6gdjsc4sa",
    "type": "component-render",
  },
  {
    "children": [
      {
        "childrenCount": 0,
        "depth": 1,
        "name": "useQuery: brands",
        "parentId": "rgu5dt69vt",
        "spanId": "ju4lvzvdedr",
        "type": "component-render",
      },
    ],
    "childrenCount": 1,
    "depth": 0,
    "name": "useQuery: Lotus__IntelligenceSettings",
    "parentId": undefined,
    "spanId": "rgu5dt69vt",
    "type": "component-render",
  },
  {
    "children": [],
    "childrenCount": 0,
    "depth": 0,
    "name": "useQuery: ticketPolicyMetrics",
    "parentId": undefined,
    "spanId": "zwsaydhumg",
    "type": "component-render",
  },
  {
    "children": [],
    "childrenCount": 0,
    "depth": 0,
    "name": "ToolbarTabsShell",
    "parentId": undefined,
    "spanId": "r6i9mkaask",
    "type": "component-render",
  },
  {
    "children": [],
    "childrenCount": 0,
    "depth": 0,
    "name": "ToolbarTabsShell",
    "parentId": undefined,
    "spanId": "7iyq3mirv7f",
    "type": "component-render",
  },
  {
    "children": [],
    "childrenCount": 0,
    "depth": 0,
    "name": "long-animation-frame",
    "parentId": undefined,
    "spanId": "x52gcnt1yvg",
    "type": "long-animation-frame",
  },
  {
    "children": [],
    "childrenCount": 0,
    "depth": 0,
    "name": "ConversationPane",
    "parentId": undefined,
    "spanId": "nsqz4gmqdhs",
    "type": "component-render",
  },
  {
    "children": [],
    "childrenCount": 0,
    "depth": 0,
    "name": "OmniHeader",
    "parentId": undefined,
    "spanId": "sn1urfilge",
    "type": "component-render",
  },
  {
    "children": [
      {
        "childrenCount": 1,
        "depth": 1,
        "name": "useQuery: AgentGraphAgentOwnChatNotificationSettings",
        "parentId": "8p6i7rf70xu",
        "spanId": "vem5g1z198i",
        "type": "component-render",
      },
    ],
    "childrenCount": 1,
    "depth": 0,
    "name": "OmniLog",
    "parentId": undefined,
    "spanId": "8p6i7rf70xu",
    "type": "component-render",
  },
  {
    "children": [
      {
        "childrenCount": 0,
        "depth": 1,
        "name": "useQuery: chatConversationSourceByIssueId",
        "parentId": "2ij2uotl9gz",
        "spanId": "ainklt6yn9g",
        "type": "component-render",
      },
    ],
    "childrenCount": 1,
    "depth": 0,
    "name": "OmniComposer",
    "parentId": undefined,
    "spanId": "2ij2uotl9gz",
    "type": "component-render",
  },
  {
    "children": [
      {
        "childrenCount": 0,
        "depth": 1,
        "name": "useQuery: submitButtonChatConversationStateQuery",
        "parentId": "u9atecea347",
        "spanId": "egim6e3lg1c",
        "type": "component-render",
      },
    ],
    "childrenCount": 1,
    "depth": 0,
    "name": "TicketFooterShell",
    "parentId": undefined,
    "spanId": "u9atecea347",
    "type": "component-render",
  },
  {
    "children": [],
    "childrenCount": 0,
    "depth": 0,
    "name": "https://example.zendesk.com/system/photos/$d/$file",
    "parentId": undefined,
    "spanId": "1kleu97eezm",
    "type": "asset",
  },
  {
    "children": [],
    "childrenCount": 0,
    "depth": 0,
    "name": "useQuery: DuplicateTicketsSuggestions",
    "parentId": undefined,
    "spanId": "otdf914txvn",
    "type": "component-render",
  },
  {
    "children": [],
    "childrenCount": 0,
    "depth": 0,
    "name": "useQuery: CollaborationSettingsQuery/firstRenderTillData",
    "parentId": undefined,
    "spanId": "computed-span-useQuery: CollaborationSettingsQuery-flon2op03qt",
    "type": "computed-span",
  },
  {
    "children": [
      {
        "childrenCount": 0,
        "depth": 1,
        "name": "useQuery: ThreadListQuery",
        "parentId": "oz2684rktk",
        "spanId": "yix4akwms1i",
        "type": "component-render",
      },
    ],
    "childrenCount": 1,
    "depth": 0,
    "name": "useQuery: CollaborationSettingsQuery",
    "parentId": undefined,
    "spanId": "oz2684rktk",
    "type": "component-render",
  },
  {
    "children": [],
    "childrenCount": 0,
    "depth": 0,
    "name": "apollo-link: ToolbarButtonSubscription",
    "parentId": undefined,
    "spanId": "ikjb5njwab9",
    "type": "mark",
  },
  {
    "children": [],
    "childrenCount": 0,
    "depth": 0,
    "name": "https://example.zendesk.com/api/graphql",
    "parentId": undefined,
    "spanId": "z7pkpo6jro",
    "type": "resource",
  },
  {
    "children": [
      {
        "childrenCount": 1,
        "depth": 1,
        "name": "useQuery: ticketFormStatuses",
        "parentId": "nh7t8k6yrva",
        "spanId": "m3rput2l7t9",
        "type": "component-render",
      },
    ],
    "childrenCount": 1,
    "depth": 0,
    "name": "useQuery: user",
    "parentId": undefined,
    "spanId": "nh7t8k6yrva",
    "type": "component-render",
  },
  {
    "children": [],
    "childrenCount": 0,
    "depth": 0,
    "name": "long-animation-frame",
    "parentId": undefined,
    "spanId": "hywi1yr2qw",
    "type": "long-animation-frame",
  },
  {
    "children": [],
    "childrenCount": 0,
    "depth": 0,
    "name": "ConversationPane",
    "parentId": undefined,
    "spanId": "54xig3d9ym2",
    "type": "component-render",
  },
  {
    "children": [],
    "childrenCount": 0,
    "depth": 0,
    "name": "OmniHeader",
    "parentId": undefined,
    "spanId": "1jt28ougy1s",
    "type": "component-render",
  },
  {
    "children": [
      {
        "childrenCount": 0,
        "depth": 1,
        "name": "useQuery: chatConversationSourceByIssueId",
        "parentId": "fzgtgz60jtj",
        "spanId": "xwma0oku9cl",
        "type": "component-render",
      },
    ],
    "childrenCount": 1,
    "depth": 0,
    "name": "OmniComposer",
    "parentId": undefined,
    "spanId": "fzgtgz60jtj",
    "type": "component-render",
  },
  {
    "children": [],
    "childrenCount": 0,
    "depth": 0,
    "name": "AgentCollision",
    "parentId": undefined,
    "spanId": "cmx8k8jaif",
    "type": "component-render",
  },
  {
    "children": [
      {
        "childrenCount": 1,
        "depth": 1,
        "name": "useQuery: assigneesAutocomplete",
        "parentId": "y3aehshebhg",
        "spanId": "a5yu4xyisdj",
        "type": "component-render",
      },
    ],
    "childrenCount": 1,
    "depth": 0,
    "name": "AssigneeMenu",
    "parentId": undefined,
    "spanId": "y3aehshebhg",
    "type": "component-render",
  },
  {
    "children": [
      {
        "childrenCount": 1,
        "depth": 1,
        "name": "useQuery: customAgentStatuses",
        "parentId": "gvhu5js9cki",
        "spanId": "ctp8greqgrs",
        "type": "component-render",
      },
    ],
    "childrenCount": 1,
    "depth": 0,
    "name": "ConversationPane",
    "parentId": undefined,
    "spanId": "gvhu5js9cki",
    "type": "component-render",
  },
  {
    "children": [
      {
        "childrenCount": 1,
        "depth": 1,
        "name": "useQuery: AgentGraphAgentOwnChatNotificationSettings",
        "parentId": "vrp3fqmt4wh",
        "spanId": "48x688fr0g8",
        "type": "component-render",
      },
    ],
    "childrenCount": 1,
    "depth": 0,
    "name": "OmniLog",
    "parentId": undefined,
    "spanId": "vrp3fqmt4wh",
    "type": "component-render",
  },
  {
    "children": [
      {
        "childrenCount": 0,
        "depth": 1,
        "name": "useQuery: chatConversationSourceByIssueId",
        "parentId": "uqzae0ivwsl",
        "spanId": "dkxj90jdpg",
        "type": "component-render",
      },
    ],
    "childrenCount": 1,
    "depth": 0,
    "name": "OmniComposer",
    "parentId": undefined,
    "spanId": "uqzae0ivwsl",
    "type": "component-render",
  },
  {
    "children": [
      {
        "childrenCount": 1,
        "depth": 1,
        "name": "useQuery: submitButtonChatConversationStateQuery",
        "parentId": "cv2eio1umw",
        "spanId": "p36gkrnvr38",
        "type": "component-render",
      },
    ],
    "childrenCount": 1,
    "depth": 0,
    "name": "TicketFooterShell",
    "parentId": undefined,
    "spanId": "cv2eio1umw",
    "type": "component-render",
  },
  {
    "children": [
      {
        "childrenCount": 1,
        "depth": 1,
        "name": "useQuery: AgentGraphSuggestedMacrosQuery",
        "parentId": "ionkxox2qk",
        "spanId": "slshprpfvtk",
        "type": "component-render",
      },
    ],
    "childrenCount": 1,
    "depth": 0,
    "name": "TicketFooterMacroMenu",
    "parentId": undefined,
    "spanId": "ionkxox2qk",
    "type": "component-render",
  },
  {
    "children": [
      {
        "childrenCount": 1,
        "depth": 1,
        "name": "useQuery: assigneesAutocomplete",
        "parentId": "qz581uykfhj",
        "spanId": "8detztyye36",
        "type": "component-render",
      },
    ],
    "childrenCount": 1,
    "depth": 0,
    "name": "AssigneeMenu",
    "parentId": undefined,
    "spanId": "qz581uykfhj",
    "type": "component-render",
  },
  {
    "children": [],
    "childrenCount": 0,
    "depth": 0,
    "name": "OmniHeader",
    "parentId": undefined,
    "spanId": "6gozizegxgf",
    "type": "component-render",
  },
  {
    "children": [
      {
        "childrenCount": 1,
        "depth": 1,
        "name": "useQuery: AgentGraphAgentOwnChatNotificationSettings",
        "parentId": "iwl6t131cd",
        "spanId": "37hawgmq672",
        "type": "component-render",
      },
    ],
    "childrenCount": 1,
    "depth": 0,
    "name": "OmniLog",
    "parentId": undefined,
    "spanId": "iwl6t131cd",
    "type": "component-render",
  },
  {
    "children": [
      {
        "childrenCount": 0,
        "depth": 1,
        "name": "useQuery: chatConversationSourceByIssueId",
        "parentId": "vbcehfu9zlo",
        "spanId": "g1r4l7lbmti",
        "type": "component-render",
      },
    ],
    "childrenCount": 1,
    "depth": 0,
    "name": "OmniComposer",
    "parentId": undefined,
    "spanId": "vbcehfu9zlo",
    "type": "component-render",
  },
  {
    "children": [
      {
        "childrenCount": 1,
        "depth": 1,
        "name": "useQuery: submitButtonChatConversationStateQuery",
        "parentId": "614nc9zjyp4",
        "spanId": "n56l18465xp",
        "type": "component-render",
      },
    ],
    "childrenCount": 1,
    "depth": 0,
    "name": "TicketFooterShell",
    "parentId": undefined,
    "spanId": "614nc9zjyp4",
    "type": "component-render",
  },
  {
    "children": [
      {
        "childrenCount": 1,
        "depth": 1,
        "name": "useQuery: AgentGraphSuggestedMacrosQuery",
        "parentId": "dgj24itvslc",
        "spanId": "7xj67fh06x",
        "type": "component-render",
      },
    ],
    "childrenCount": 1,
    "depth": 0,
    "name": "TicketFooterMacroMenu",
    "parentId": undefined,
    "spanId": "dgj24itvslc",
    "type": "component-render",
  },
  {
    "children": [
      {
        "childrenCount": 1,
        "depth": 1,
        "name": "useQuery: assigneesAutocomplete",
        "parentId": "tqh605v2hon",
        "spanId": "bxa0gasoxw",
        "type": "component-render",
      },
    ],
    "childrenCount": 1,
    "depth": 0,
    "name": "AssigneeMenu",
    "parentId": undefined,
    "spanId": "tqh605v2hon",
    "type": "component-render",
  },
  {
    "children": [
      {
        "childrenCount": 1,
        "depth": 1,
        "name": "useQuery: tagsOptions",
        "parentId": "cpprm9a8dwj",
        "spanId": "95rrm9v75fh",
        "type": "component-render",
      },
    ],
    "childrenCount": 1,
    "depth": 0,
    "name": "ToolbarTabsShell",
    "parentId": undefined,
    "spanId": "cpprm9a8dwj",
    "type": "component-render",
  },
  {
    "children": [
      {
        "childrenCount": 1,
        "depth": 1,
        "name": "useQuery: assigneesAutocomplete",
        "parentId": "m2iklyd6bjd",
        "spanId": "ftjlcra4of5",
        "type": "component-render",
      },
    ],
    "childrenCount": 1,
    "depth": 0,
    "name": "AssigneeMenu",
    "parentId": undefined,
    "spanId": "m2iklyd6bjd",
    "type": "component-render",
  },
  {
    "children": [
      {
        "childrenCount": 0,
        "depth": 1,
        "name": "https://example.zendesk.com/api/lotus/graphql",
        "parentId": "sauy5pcjgnr",
        "spanId": "mgj96fmycbf",
        "type": "measure",
      },
    ],
    "childrenCount": 1,
    "depth": 0,
    "name": "apollo-link: groupStatesForChannel",
    "parentId": undefined,
    "spanId": "sauy5pcjgnr",
    "type": "measure",
  },
  {
    "children": [],
    "childrenCount": 0,
    "depth": 0,
    "name": "graphql/support_remote/query/groupStatesForChannel",
    "parentId": undefined,
    "spanId": "sz77hd04yk",
    "type": "resource",
  },
  {
    "children": [
      {
        "childrenCount": 0,
        "depth": 1,
        "name": "https://example.zendesk.com/api/lotus/graphql",
        "parentId": "g80f8tmgurc",
        "spanId": "pnw4gm4aeem",
        "type": "measure",
      },
    ],
    "childrenCount": 1,
    "depth": 0,
    "name": "apollo-link: AgentStatesForChannel",
    "parentId": undefined,
    "spanId": "g80f8tmgurc",
    "type": "measure",
  },
  {
    "children": [],
    "childrenCount": 0,
    "depth": 0,
    "name": "graphql/support_remote/query/AgentStatesForChannel",
    "parentId": undefined,
    "spanId": "0i2ct60nsyj9",
    "type": "resource",
  },
  {
    "children": [],
    "childrenCount": 0,
    "depth": 0,
    "name": "https://example.zendesk.com/api/graphql",
    "parentId": undefined,
    "spanId": "72n13d4rdfr",
    "type": "resource",
  },
  {
    "children": [],
    "childrenCount": 0,
    "depth": 0,
    "name": "https://example.zendesk.com/api/lotus/graphql",
    "parentId": undefined,
    "spanId": "nd4aemrrkp",
    "type": "resource",
  },
  {
    "children": [],
    "childrenCount": 0,
    "depth": 0,
    "name": "https://example.zendesk.com/api/lotus/graphql",
    "parentId": undefined,
    "spanId": "gsq5p1cvolb",
    "type": "resource",
  },
  {
    "children": [],
    "childrenCount": 0,
    "depth": 0,
    "name": "layout-shift",
    "parentId": undefined,
    "spanId": "l3qv3lzl6l",
    "type": "layout-shift",
  },
  {
    "children": [],
    "childrenCount": 0,
    "depth": 0,
    "name": "long-animation-frame",
    "parentId": undefined,
    "spanId": "3i6l0zjm6f5",
    "type": "long-animation-frame",
  },
  {
    "children": [],
    "childrenCount": 0,
    "depth": 0,
    "name": "https://example.zendesk.com/api/lotus/graphql",
    "parentId": undefined,
    "spanId": "zq8ffi3l6zl",
    "type": "resource",
  },
  {
    "children": [
      {
        "childrenCount": 1,
        "depth": 1,
        "name": "useQuery: AgentGraphMostUsedMacrosQuery",
        "parentId": "pk2ubi2vtk",
        "spanId": "d0n1fqe8bje",
        "type": "component-render",
      },
    ],
    "childrenCount": 1,
    "depth": 0,
    "name": "AgentCollision",
    "parentId": undefined,
    "spanId": "pk2ubi2vtk",
    "type": "component-render",
  },
  {
    "children": [
      {
        "childrenCount": 1,
        "depth": 1,
        "name": "useQuery: assigneesAutocomplete",
        "parentId": "bhjqpobtcak",
        "spanId": "3ehnxo94b1g",
        "type": "component-render",
      },
    ],
    "childrenCount": 1,
    "depth": 0,
    "name": "AssigneeMenu",
    "parentId": undefined,
    "spanId": "bhjqpobtcak",
    "type": "component-render",
  },
  {
    "children": [],
    "childrenCount": 0,
    "depth": 0,
    "name": "https://example.zendesk.com/api/v2/users/9253941641882/profiles?contextTimelineVisibleOnly=true",
    "parentId": undefined,
    "spanId": "6xfvsah6fgx",
    "type": "measure",
  },
  {
    "children": [],
    "childrenCount": 0,
    "depth": 0,
    "name": "https://example.zendesk.com/api/v2/users/$d/profiles",
    "parentId": undefined,
    "spanId": "c29a8tds1yf",
    "type": "resource",
  },
  {
    "children": [],
    "childrenCount": 0,
    "depth": 0,
    "name": "layout-shift",
    "parentId": undefined,
    "spanId": "qvl6axjnkwq",
    "type": "layout-shift",
  },
  {
    "children": [],
    "childrenCount": 0,
    "depth": 0,
    "name": "long-animation-frame",
    "parentId": undefined,
    "spanId": "kb0fohmcceh",
    "type": "long-animation-frame",
  },
  {
    "children": [],
    "childrenCount": 0,
    "depth": 0,
    "name": "user_suspension.fetch_user_permissions",
    "parentId": undefined,
    "spanId": "5bwqnwytdlr",
    "type": "measure",
  },
  {
    "children": [],
    "childrenCount": 0,
    "depth": 0,
    "name": "https://example.zendesk.com/api/v2/users/show_many?ids=9253941641882&include=abilities",
    "parentId": undefined,
    "spanId": "3g57y1l3ekx",
    "type": "measure",
  },
  {
    "children": [],
    "childrenCount": 0,
    "depth": 0,
    "name": "https://example.zendesk.com/api/v2/users/show_many",
    "parentId": undefined,
    "spanId": "9txoy0uv3ad",
    "type": "resource",
  },
  {
    "children": [
      {
        "childrenCount": 1,
        "depth": 1,
        "name": "useQuery: UsersAutocomplete",
        "parentId": "p0re8cqlx2h",
        "spanId": "d0krw2if8e",
        "type": "component-render",
      },
    ],
    "childrenCount": 1,
    "depth": 0,
    "name": "useQuery: RequesterOrganizationQuery",
    "parentId": undefined,
    "spanId": "p0re8cqlx2h",
    "type": "component-render",
  },
  {
    "children": [],
    "childrenCount": 0,
    "depth": 0,
    "name": "https://example.zendesk.com/system/photos/$d/$file",
    "parentId": undefined,
    "spanId": "ocpw6jwvx19",
    "type": "asset",
  },
  {
    "children": [],
    "childrenCount": 0,
    "depth": 0,
    "name": "AgentCollision",
    "parentId": undefined,
    "spanId": "oqr8x2lydn",
    "type": "component-render",
  },
  {
    "children": [],
    "childrenCount": 0,
    "depth": 0,
    "name": "AgentCollision",
    "parentId": undefined,
    "spanId": "ht91du66dvw",
    "type": "component-render",
  },
  {
    "children": [],
    "childrenCount": 0,
    "depth": 0,
    "name": "https://example.zendesk.com/api/v2/users/9253941641882/events/types",
    "parentId": undefined,
    "spanId": "5gwupmnu7r",
    "type": "measure",
  },
  {
    "children": [],
    "childrenCount": 0,
    "depth": 0,
    "name": "https://example.zendesk.com/api/v2/users/$d/events/types",
    "parentId": undefined,
    "spanId": "mt7khvkzp47",
    "type": "resource",
  },
  {
    "children": [],
    "childrenCount": 0,
    "depth": 0,
    "name": "AppSidebar",
    "parentId": undefined,
    "spanId": "h3cro6p0si5",
    "type": "component-render",
  },
  {
    "children": [],
    "childrenCount": 0,
    "depth": 0,
    "name": "https://$d.apps.zdusercontent.com/$d/assets/$d-$hex/support/$file",
    "parentId": undefined,
    "spanId": "r51ix3uz0rl",
    "type": "asset",
  },
  {
    "children": [],
    "childrenCount": 0,
    "depth": 0,
    "name": "NavBarAppContainer",
    "parentId": undefined,
    "spanId": "2ua8ov7vnmz",
    "type": "component-render",
  },
  {
    "children": [],
    "childrenCount": 0,
    "depth": 0,
    "name": "TopBarAppContainer/firstRenderTillData",
    "parentId": undefined,
    "spanId": "computed-span-TopBarAppContainer-flon2op03qt",
    "type": "computed-span",
  },
  {
    "children": [],
    "childrenCount": 0,
    "depth": 0,
    "name": "TopBarAppContainer",
    "parentId": undefined,
    "spanId": "mmy02oe8h2",
    "type": "component-render",
  },
  {
    "children": [],
    "childrenCount": 0,
    "depth": 0,
    "name": "AppSidebar",
    "parentId": undefined,
    "spanId": "phext9qjn3",
    "type": "component-render",
  },
  {
    "children": [],
    "childrenCount": 0,
    "depth": 0,
    "name": "AppSidebar",
    "parentId": undefined,
    "spanId": "pu7ouh5l0am",
    "type": "component-render",
  },
  {
    "children": [],
    "childrenCount": 0,
    "depth": 0,
    "name": "https://$d.apps.zdusercontent.com/$d/assets/$d-$hex/$file",
    "parentId": undefined,
    "spanId": "1c0ohgrcjb2",
    "type": "asset",
  },
  {
    "children": [],
    "childrenCount": 0,
    "depth": 0,
    "name": "https://$d.apps.zdusercontent.com/$d/assets/$d-$hex/$file",
    "parentId": undefined,
    "spanId": "q56ao5wya6",
    "type": "asset",
  },
  {
    "children": [],
    "childrenCount": 0,
    "depth": 0,
    "name": "NavBarAppContainer",
    "parentId": undefined,
    "spanId": "hkkei2xfc4",
    "type": "component-render",
  },
  {
    "children": [
      {
        "childrenCount": 0,
        "depth": 1,
        "name": "useQuery: brands",
        "parentId": "jtegdad24g",
        "spanId": "5tsg7ykbtxo",
        "type": "component-render",
      },
    ],
    "childrenCount": 1,
    "depth": 0,
    "name": "useQuery: Lotus__IntelligenceSettings",
    "parentId": undefined,
    "spanId": "jtegdad24g",
    "type": "component-render",
  },
  {
    "children": [
      {
        "childrenCount": 1,
        "depth": 1,
        "name": "useQuery: assigneesAutocomplete",
        "parentId": "brgr96p81o",
        "spanId": "ut8c1dc5r4",
        "type": "component-render",
      },
    ],
    "childrenCount": 1,
    "depth": 0,
    "name": "AssigneeMenu",
    "parentId": undefined,
    "spanId": "brgr96p81o",
    "type": "component-render",
  },
  {
    "children": [
      {
        "childrenCount": 0,
        "depth": 1,
        "name": "useQuery: UsersAutocomplete",
        "parentId": "kvxgi4dx2xa",
        "spanId": "3d9galkcdjq",
        "type": "component-render",
      },
    ],
    "childrenCount": 1,
    "depth": 0,
    "name": "useQuery: RequesterOrganizationQuery",
    "parentId": undefined,
    "spanId": "kvxgi4dx2xa",
    "type": "component-render",
  },
  {
    "children": [
      {
        "childrenCount": 1,
        "depth": 1,
        "name": "useQuery: assigneesAutocomplete",
        "parentId": "eghwyg9srzw",
        "spanId": "hj4xqa05dxn",
        "type": "component-render",
      },
    ],
    "childrenCount": 1,
    "depth": 0,
    "name": "AssigneeMenu",
    "parentId": undefined,
    "spanId": "eghwyg9srzw",
    "type": "component-render",
  },
  {
    "children": [
      {
        "childrenCount": 1,
        "depth": 1,
        "name": "useQuery: assigneesAutocomplete",
        "parentId": "lczkvdkkp6b",
        "spanId": "47ykhn0g68r",
        "type": "component-render",
      },
    ],
    "childrenCount": 1,
    "depth": 0,
    "name": "AssigneeMenu",
    "parentId": undefined,
    "spanId": "lczkvdkkp6b",
    "type": "component-render",
  },
  {
    "children": [],
    "childrenCount": 0,
    "depth": 0,
    "name": "useQuery: CardLayout/firstRenderTillData",
    "parentId": undefined,
    "spanId": "computed-span-useQuery: CardLayout-flon2op03qt",
    "type": "computed-span",
  },
  {
    "children": [],
    "childrenCount": 0,
    "depth": 0,
    "name": "useQuery: UserRecord/firstRenderTillData",
    "parentId": undefined,
    "spanId": "computed-span-useQuery: UserRecord-flon2op03qt",
    "type": "computed-span",
  },
  {
    "children": [],
    "childrenCount": 0,
    "depth": 0,
    "name": "CustomerContextCard/firstRenderTillData",
    "parentId": undefined,
    "spanId": "computed-span-CustomerContextCard-flon2op03qt",
    "type": "computed-span",
  },
  {
    "children": [
      {
        "childrenCount": 1,
        "depth": 1,
        "name": "useQuery: UserRecord",
        "parentId": "7elwyvf5irv",
        "spanId": "dkhjdb5xx1c",
        "type": "component-render",
      },
    ],
    "childrenCount": 1,
    "depth": 0,
    "name": "CustomerContextCard",
    "parentId": undefined,
    "spanId": "7elwyvf5irv",
    "type": "component-render",
  },
  {
    "children": [
      {
        "childrenCount": 0,
        "depth": 1,
        "name": "useQuery: UsersAutocomplete",
        "parentId": "t8b6cp3bau",
        "spanId": "8jstkam00ig",
        "type": "component-render",
      },
    ],
    "childrenCount": 1,
    "depth": 0,
    "name": "useQuery: RequesterOrganizationQuery",
    "parentId": undefined,
    "spanId": "t8b6cp3bau",
    "type": "component-render",
  },
  {
    "children": [
      {
        "childrenCount": 1,
        "depth": 1,
        "name": "useQuery: UserRecord",
        "parentId": "v543brml3aa",
        "spanId": "w74qb1zkk7n",
        "type": "component-render",
      },
    ],
    "childrenCount": 1,
    "depth": 0,
    "name": "CustomerContextCard",
    "parentId": undefined,
    "spanId": "v543brml3aa",
    "type": "component-render",
  },
  {
    "children": [],
    "childrenCount": 0,
    "depth": 0,
    "name": "apollo-link: sunshineEvents",
    "parentId": undefined,
    "spanId": "ja5zssos27j",
    "type": "measure",
  },
  {
    "children": [],
    "childrenCount": 0,
    "depth": 0,
    "name": "graphql/local/query/sunshineEvents",
    "parentId": undefined,
    "spanId": "thk09lk4ed",
    "type": "resource",
  },
  {
    "children": [],
    "childrenCount": 0,
    "depth": 0,
    "name": "https://example.zendesk.com/api/v2/users/9253941641882/events?contextTimelineVisibleOnly=true&page[size]=50",
    "parentId": undefined,
    "spanId": "5aw8xgrk5em",
    "type": "measure",
  },
  {
    "children": [],
    "childrenCount": 0,
    "depth": 0,
    "name": "https://example.zendesk.com/api/v2/users/$d/events",
    "parentId": undefined,
    "spanId": "xnqcrhsc7l",
    "type": "resource",
  },
  {
    "children": [],
    "childrenCount": 0,
    "depth": 0,
    "name": "https://example.zendesk.com/api/graphql",
    "parentId": undefined,
    "spanId": "dqr26wt75n",
    "type": "resource",
  },
  {
    "children": [
      {
        "childrenCount": 0,
        "depth": 1,
        "name": "useQuery: UserRecord",
        "parentId": "pzlb2accyqd",
        "spanId": "jq8h8maf32a",
        "type": "component-render",
      },
    ],
    "childrenCount": 1,
    "depth": 0,
    "name": "CustomerContextCard",
    "parentId": undefined,
    "spanId": "pzlb2accyqd",
    "type": "component-render",
  },
  {
    "children": [],
    "childrenCount": 0,
    "depth": 0,
    "name": "https://example.zendesk.com/api/graphql",
    "parentId": undefined,
    "spanId": "suivkbqghxo",
    "type": "resource",
  },
  {
    "children": [],
    "childrenCount": 0,
    "depth": 0,
    "name": "long-animation-frame",
    "parentId": undefined,
    "spanId": "hnoxe8bd82",
    "type": "long-animation-frame",
  },
  {
    "children": [],
    "childrenCount": 0,
    "depth": 0,
    "name": "long-animation-frame",
    "parentId": undefined,
    "spanId": "s7aoccb7lpr",
    "type": "long-animation-frame",
  },
  {
    "children": [
      {
        "childrenCount": 1,
        "depth": 1,
        "name": "useQuery: customStatuses",
        "parentId": "9hvc97vn3hh",
        "spanId": "e9scqv5ufbo",
        "type": "component-render",
      },
    ],
    "childrenCount": 1,
    "depth": 0,
    "name": "ConversationPane",
    "parentId": undefined,
    "spanId": "9hvc97vn3hh",
    "type": "component-render",
  },
  {
    "children": [
      {
        "childrenCount": 1,
        "depth": 1,
        "name": "useQuery: AgentGraphAgentOwnChatNotificationSettings",
        "parentId": "bcb7kusuk6i",
        "spanId": "kcta5s4qnhd",
        "type": "component-render",
      },
    ],
    "childrenCount": 1,
    "depth": 0,
    "name": "OmniLog",
    "parentId": undefined,
    "spanId": "bcb7kusuk6i",
    "type": "component-render",
  },
  {
    "children": [],
    "childrenCount": 0,
    "depth": 0,
    "name": "useQuery: authenticatedIndicatorChatConversationQuery/firstRenderTillData",
    "parentId": undefined,
    "spanId": "computed-span-useQuery: authenticatedIndicatorChatConversationQuery-flon2op03qt",
    "type": "computed-span",
  },
  {
    "children": [],
    "childrenCount": 0,
    "depth": 0,
    "name": "event/pointerout",
    "parentId": undefined,
    "spanId": "71427992twp",
    "type": "event",
  },
  {
    "children": [],
    "childrenCount": 0,
    "depth": 0,
    "name": "event/pointerleave",
    "parentId": undefined,
    "spanId": "idcvhivoaf",
    "type": "event",
  },
  {
    "children": [],
    "childrenCount": 0,
    "depth": 0,
    "name": "event/pointerleave",
    "parentId": undefined,
    "spanId": "b31dvtn6n5",
    "type": "event",
  },
  {
    "children": [],
    "childrenCount": 0,
    "depth": 0,
    "name": "event/pointerleave",
    "parentId": undefined,
    "spanId": "00wlvt7pokmg",
    "type": "event",
  },
  {
    "children": [],
    "childrenCount": 0,
    "depth": 0,
    "name": "event/pointerleave",
    "parentId": undefined,
    "spanId": "m2jhyuri3f",
    "type": "event",
  },
  {
    "children": [],
    "childrenCount": 0,
    "depth": 0,
    "name": "event/pointerleave",
    "parentId": undefined,
    "spanId": "9q46ceuraa",
    "type": "event",
  },
  {
    "children": [],
    "childrenCount": 0,
    "depth": 0,
    "name": "event/pointerover",
    "parentId": undefined,
    "spanId": "gqmtmgeh1gt",
    "type": "event",
  },
  {
    "children": [],
    "childrenCount": 0,
    "depth": 0,
    "name": "event/pointerenter",
    "parentId": undefined,
    "spanId": "f0da53twfsh",
    "type": "event",
  },
  {
    "children": [],
    "childrenCount": 0,
    "depth": 0,
    "name": "event/pointerenter",
    "parentId": undefined,
    "spanId": "dgfwz2s2nzh",
    "type": "event",
  },
  {
    "children": [],
    "childrenCount": 0,
    "depth": 0,
    "name": "event/pointerenter",
    "parentId": undefined,
    "spanId": "23cizgp40o9",
    "type": "event",
  },
  {
    "children": [],
    "childrenCount": 0,
    "depth": 0,
    "name": "event/pointerenter",
    "parentId": undefined,
    "spanId": "yyl1n3dfdsp",
    "type": "event",
  },
  {
    "children": [],
    "childrenCount": 0,
    "depth": 0,
    "name": "event/pointerenter",
    "parentId": undefined,
    "spanId": "f0lbirrb54",
    "type": "event",
  },
  {
    "children": [],
    "childrenCount": 0,
    "depth": 0,
    "name": "event/pointerenter",
    "parentId": undefined,
    "spanId": "v40xmvzo06",
    "type": "event",
  },
  {
    "children": [],
    "childrenCount": 0,
    "depth": 0,
    "name": "event/pointerenter",
    "parentId": undefined,
    "spanId": "dmr6pvj5h5e",
    "type": "event",
  },
  {
    "children": [],
    "childrenCount": 0,
    "depth": 0,
    "name": "event/pointerenter",
    "parentId": undefined,
    "spanId": "sma2ojiz8d",
    "type": "event",
  },
  {
    "children": [],
    "childrenCount": 0,
    "depth": 0,
    "name": "event/pointerenter",
    "parentId": undefined,
    "spanId": "xp8e9rj77fa",
    "type": "event",
  },
  {
    "children": [],
    "childrenCount": 0,
    "depth": 0,
    "name": "event/mouseout",
    "parentId": undefined,
    "spanId": "qadrvmghghe",
    "type": "event",
  },
  {
    "children": [],
    "childrenCount": 0,
    "depth": 0,
    "name": "event/mouseleave",
    "parentId": undefined,
    "spanId": "6tfvg3cc56l",
    "type": "event",
  },
  {
    "children": [],
    "childrenCount": 0,
    "depth": 0,
    "name": "event/mouseleave",
    "parentId": undefined,
    "spanId": "q6ljv08i1s9",
    "type": "event",
  },
  {
    "children": [],
    "childrenCount": 0,
    "depth": 0,
    "name": "event/mouseleave",
    "parentId": undefined,
    "spanId": "3u9z8j82hbm",
    "type": "event",
  },
  {
    "children": [],
    "childrenCount": 0,
    "depth": 0,
    "name": "event/mouseleave",
    "parentId": undefined,
    "spanId": "w9cf82ln1yf",
    "type": "event",
  },
  {
    "children": [],
    "childrenCount": 0,
    "depth": 0,
    "name": "event/mouseleave",
    "parentId": undefined,
    "spanId": "sqnyft7tfq",
    "type": "event",
  },
  {
    "children": [],
    "childrenCount": 0,
    "depth": 0,
    "name": "event/mouseover",
    "parentId": undefined,
    "spanId": "mbm8m4b4gcc",
    "type": "event",
  },
  {
    "children": [],
    "childrenCount": 0,
    "depth": 0,
    "name": "event/mouseenter",
    "parentId": undefined,
    "spanId": "zvd2k2zcs6",
    "type": "event",
  },
  {
    "children": [],
    "childrenCount": 0,
    "depth": 0,
    "name": "event/mouseenter",
    "parentId": undefined,
    "spanId": "nbm3fv7td7i",
    "type": "event",
  },
  {
    "children": [],
    "childrenCount": 0,
    "depth": 0,
    "name": "event/mouseenter",
    "parentId": undefined,
    "spanId": "5rtb9aweu3i",
    "type": "event",
  },
  {
    "children": [],
    "childrenCount": 0,
    "depth": 0,
    "name": "event/mouseenter",
    "parentId": undefined,
    "spanId": "93pp6s5tvbe",
    "type": "event",
  },
  {
    "children": [],
    "childrenCount": 0,
    "depth": 0,
    "name": "event/mouseenter",
    "parentId": undefined,
    "spanId": "pbt0lvqmdbd",
    "type": "event",
  },
  {
    "children": [],
    "childrenCount": 0,
    "depth": 0,
    "name": "event/mouseenter",
    "parentId": undefined,
    "spanId": "r77qf4n81sr",
    "type": "event",
  },
  {
    "children": [],
    "childrenCount": 0,
    "depth": 0,
    "name": "event/mouseenter",
    "parentId": undefined,
    "spanId": "0kxjhgjy19p",
    "type": "event",
  },
  {
    "children": [],
    "childrenCount": 0,
    "depth": 0,
    "name": "event/mouseenter",
    "parentId": undefined,
    "spanId": "y0l1g8if17c",
    "type": "event",
  },
  {
    "children": [],
    "childrenCount": 0,
    "depth": 0,
    "name": "event/mouseenter",
    "parentId": undefined,
    "spanId": "7y58ml5g2lj",
    "type": "event",
  },
  {
    "children": [
      {
        "childrenCount": 1,
        "depth": 1,
        "name": "useQuery: chatConversationSourceByIssueId",
        "parentId": "o6lfm47badr",
        "spanId": "9j3cpy0yqqc",
        "type": "component-render",
      },
    ],
    "childrenCount": 1,
    "depth": 0,
    "name": "OmniComposer",
    "parentId": undefined,
    "spanId": "o6lfm47badr",
    "type": "component-render",
  },
  {
    "children": [
      {
        "childrenCount": 1,
        "depth": 1,
        "name": "useQuery: submitButtonChatConversationStateQuery",
        "parentId": "dscxce9azm",
        "spanId": "pczzj7j4ckp",
        "type": "component-render",
      },
    ],
    "childrenCount": 1,
    "depth": 0,
    "name": "TicketFooterShell",
    "parentId": undefined,
    "spanId": "dscxce9azm",
    "type": "component-render",
  },
  {
    "children": [
      {
        "childrenCount": 1,
        "depth": 1,
        "name": "useQuery: AgentGraphSuggestedMacrosQuery",
        "parentId": "i8tj2xu9she",
        "spanId": "a1jue1hwugt",
        "type": "component-render",
      },
    ],
    "childrenCount": 1,
    "depth": 0,
    "name": "TicketFooterMacroMenu",
    "parentId": undefined,
    "spanId": "i8tj2xu9she",
    "type": "component-render",
  },
  {
    "children": [
      {
        "childrenCount": 1,
        "depth": 1,
        "name": "useQuery: assigneesAutocomplete",
        "parentId": "6uf8y5jtz1o",
        "spanId": "gx0namjie3l",
        "type": "component-render",
      },
    ],
    "childrenCount": 1,
    "depth": 0,
    "name": "AssigneeMenu",
    "parentId": undefined,
    "spanId": "6uf8y5jtz1o",
    "type": "component-render",
  },
  {
    "children": [
      {
        "childrenCount": 1,
        "depth": 1,
        "name": "useQuery: ticketForm",
        "parentId": "pfd7f3iwx7k",
        "spanId": "alhb31g71nw",
        "type": "component-render",
      },
    ],
    "childrenCount": 1,
    "depth": 0,
    "name": "useQuery: tagsOptions",
    "parentId": undefined,
    "spanId": "pfd7f3iwx7k",
    "type": "component-render",
  },
  {
    "children": [],
    "childrenCount": 0,
    "depth": 0,
    "name": "ticket/load_omnilog_from_new_workspace/107/end",
    "parentId": undefined,
    "spanId": "0ykevc21aks",
    "type": "mark",
  },
  {
    "children": [],
    "childrenCount": 0,
    "depth": 0,
    "name": "https://example.zendesk.com/system/photos/$d/$file",
    "parentId": undefined,
    "spanId": "y18fq1f34sr",
    "type": "asset",
  },
  {
    "children": [],
    "childrenCount": 0,
    "depth": 0,
    "name": "https://example.zendesk.com/api/graphql",
    "parentId": undefined,
    "spanId": "bts0h0s3a6",
    "type": "resource",
  },
  {
    "children": [
      {
        "childrenCount": 1,
        "depth": 1,
        "name": "useQuery: AgentGraphAgentOwnChatNotificationSettings",
        "parentId": "rgikromhhsh",
        "spanId": "o1i2adeseug",
        "type": "component-render",
      },
    ],
    "childrenCount": 1,
    "depth": 0,
    "name": "OmniLog",
    "parentId": undefined,
    "spanId": "rgikromhhsh",
    "type": "component-render",
  },
  {
    "children": [],
    "childrenCount": 0,
    "depth": 0,
    "name": "element/text-paint",
    "parentId": undefined,
    "spanId": "ottgxug944",
    "type": "element",
  },
  {
    "children": [],
    "childrenCount": 0,
    "depth": 0,
    "name": "cards/customer_context_card/9253941641882/tti",
    "parentId": undefined,
    "spanId": "93hi14xwg1e",
    "type": "measure",
  },
  {
    "children": [
      {
        "childrenCount": 1,
        "depth": 1,
        "name": "useQuery: UserRecord",
        "parentId": "mbovfw5rkwl",
        "spanId": "igp03fe4tw",
        "type": "component-render",
      },
    ],
    "childrenCount": 1,
    "depth": 0,
    "name": "CustomerContextCard",
    "parentId": undefined,
    "spanId": "mbovfw5rkwl",
    "type": "component-render",
  },
  {
    "children": [],
    "childrenCount": 0,
    "depth": 0,
    "name": "layout-shift",
    "parentId": undefined,
    "spanId": "ik42oerzl9s",
    "type": "layout-shift",
  },
  {
    "children": [],
    "childrenCount": 0,
    "depth": 0,
    "name": "AppSidebar",
    "parentId": undefined,
    "spanId": "8phgi6npia6",
    "type": "component-render",
  },
  {
    "children": [],
    "childrenCount": 0,
    "depth": 0,
    "name": "AppShortcuts",
    "parentId": undefined,
    "spanId": "pq06swj4o6j",
    "type": "component-render",
  },
  {
    "children": [],
    "childrenCount": 0,
    "depth": 0,
    "name": "ticket/omniheader/107/event",
    "parentId": undefined,
    "spanId": "tmod99jkbj",
    "type": "mark",
  },
  {
    "children": [],
    "childrenCount": 0,
    "depth": 0,
    "name": "ticket/agent_collision/107/event",
    "parentId": undefined,
    "spanId": "nu00b90uzon",
    "type": "mark",
  },
  {
    "children": [],
    "childrenCount": 0,
    "depth": 0,
    "name": "ticket/footer/107/event",
    "parentId": undefined,
    "spanId": "822sv7l6cud",
    "type": "mark",
  },
  {
    "children": [],
    "childrenCount": 0,
    "depth": 0,
    "name": "ticket/omnilog/conversation_log/107/event",
    "parentId": undefined,
    "spanId": "47l4db5ixw2",
    "type": "mark",
  },
  {
    "children": [],
    "childrenCount": 0,
    "depth": 0,
    "name": "apollo-link: entityMarkRead",
    "parentId": undefined,
    "spanId": "c5hkga0voss",
    "type": "measure",
  },
  {
    "children": [],
    "childrenCount": 0,
    "depth": 0,
    "name": "graphql/local/mutation/entityMarkRead",
    "parentId": undefined,
    "spanId": "f3zej8kahb8",
    "type": "resource",
  },
  {
    "children": [],
    "childrenCount": 0,
    "depth": 0,
    "name": "https://example.zendesk.com/api/services/read-receipts/bump",
    "parentId": undefined,
    "spanId": "jqpsgy6vn3q",
    "type": "measure",
  },
  {
    "children": [],
    "childrenCount": 0,
    "depth": 0,
    "name": "https://example.zendesk.com/api/services/read-receipts/bump",
    "parentId": undefined,
    "spanId": "vi15lls8878",
    "type": "resource",
  },
  {
    "children": [],
    "childrenCount": 0,
    "depth": 0,
    "name": "cards/customer_context_card/9253941641882/event",
    "parentId": undefined,
    "spanId": "amznu9y4298",
    "type": "mark",
  },
  {
    "children": [
      {
        "childrenCount": 1,
        "depth": 1,
        "name": "useQuery: AgentGraphAgentOwnChatNotificationSettings",
        "parentId": "r1q7o8l42b",
        "spanId": "yz0l8z87oba",
        "type": "component-render",
      },
    ],
    "childrenCount": 1,
    "depth": 0,
    "name": "OmniLog",
    "parentId": undefined,
    "spanId": "r1q7o8l42b",
    "type": "component-render",
  },
  {
    "children": [
      {
        "childrenCount": 1,
        "depth": 1,
        "name": "useQuery: AgentGraphAgentOwnChatNotificationSettings",
        "parentId": "kix9d0np37p",
        "spanId": "9xmv58pdvmh",
        "type": "component-render",
      },
    ],
    "childrenCount": 1,
    "depth": 0,
    "name": "OmniLog",
    "parentId": undefined,
    "spanId": "kix9d0np37p",
    "type": "component-render",
  },
  {
    "children": [],
    "childrenCount": 0,
    "depth": 0,
    "name": "useQuery: searchWithObjectType",
    "parentId": "w6o53wady4d",
    "spanId": "cn8ewljksda",
    "type": "component-render",
  },
  {
    "children": [
      {
        "childrenCount": 1,
        "depth": 1,
        "name": "useQuery: ticketLookupTicketFields",
        "parentId": "9iebg8630oj",
        "spanId": "b6crzouucqe",
        "type": "component-render",
      },
    ],
    "childrenCount": 1,
    "depth": 0,
    "name": "useQuery: Lotus__Brands",
    "parentId": "kgegqwjd9oi",
    "spanId": "9iebg8630oj",
    "type": "component-render",
  },
  {
    "children": [
      {
        "childrenCount": 1,
        "depth": 1,
        "name": "useQuery: customStatuses",
        "parentId": "73m1ddj6ji",
        "spanId": "afhhwy8al2s",
        "type": "component-render",
      },
    ],
    "childrenCount": 1,
    "depth": 0,
    "name": "useQuery: ticketFormStatuses",
    "parentId": "xao8weu44i",
    "spanId": "73m1ddj6ji",
    "type": "component-render",
  },
  {
    "children": [
      {
        "childrenCount": 1,
        "depth": 1,
        "name": "useQuery: getFollowerUsers",
        "parentId": "iwdpg501f",
        "spanId": "npq7ladc4yd",
        "type": "component-render",
      },
    ],
    "childrenCount": 1,
    "depth": 0,
    "name": "useQuery: SharingAgreements",
    "parentId": "u09ik7o9gg",
    "spanId": "iwdpg501f",
    "type": "component-render",
  },
  {
    "children": [
      {
        "childrenCount": 1,
        "depth": 1,
        "name": "useQuery: brands",
        "parentId": "ybzs29qlzl",
        "spanId": "whsk29owy0a",
        "type": "component-render",
      },
    ],
    "childrenCount": 1,
    "depth": 0,
    "name": "useQuery: ticketForm",
    "parentId": "ajbvjpj49uo",
    "spanId": "ybzs29qlzl",
    "type": "component-render",
  },
  {
    "children": [
      {
        "childrenCount": 0,
        "depth": 1,
        "name": "useQuery: brands",
        "parentId": "lf319pp1r9j",
        "spanId": "dyf4jimb4c",
        "type": "component-render",
      },
    ],
    "childrenCount": 1,
    "depth": 0,
    "name": "useQuery: Lotus__IntelligenceSettings",
    "parentId": "nwgwke11o1",
    "spanId": "lf319pp1r9j",
    "type": "component-render",
  },
  {
    "children": [
      {
        "childrenCount": 1,
        "depth": 1,
        "name": "useQuery: getFollowerUsers",
        "parentId": "xhv1cem3f3n",
        "spanId": "9h2sjaikz55",
        "type": "component-render",
      },
    ],
    "childrenCount": 1,
    "depth": 0,
    "name": "useQuery: SharingAgreements",
    "parentId": "6bparkbbix6",
    "spanId": "xhv1cem3f3n",
    "type": "component-render",
  },
  {
    "children": [
      {
        "childrenCount": 1,
        "depth": 1,
        "name": "useQuery: brands",
        "parentId": "5l67whfw85",
        "spanId": "knabyv8coag",
        "type": "component-render",
      },
    ],
    "childrenCount": 1,
    "depth": 0,
    "name": "useQuery: ticketForm",
    "parentId": "hn4mkhrxfc4",
    "spanId": "5l67whfw85",
    "type": "component-render",
  },
  {
    "children": [
      {
        "childrenCount": 1,
        "depth": 1,
        "name": "useQuery: customStatuses",
        "parentId": "0bbxfiw5eiln",
        "spanId": "rv02o3mwjoq",
        "type": "component-render",
      },
    ],
    "childrenCount": 1,
    "depth": 0,
    "name": "useQuery: searchWithObjectType",
    "parentId": "18pnpf7zind",
    "spanId": "0bbxfiw5eiln",
    "type": "component-render",
  },
  {
    "children": [],
    "childrenCount": 0,
    "depth": 0,
    "name": "useQuery: searchWithObjectType",
    "parentId": "ihll00emn2",
    "spanId": "b6cdp1c6rhp",
    "type": "component-render",
  },
  {
    "children": [
      {
        "childrenCount": 1,
        "depth": 1,
        "name": "useQuery: AgentGraphMostUsedMacrosQuery",
        "parentId": "qkvjhwxjoy",
        "spanId": "ulv7knfxuj",
        "type": "component-render",
      },
    ],
    "childrenCount": 1,
    "depth": 0,
    "name": "useQuery: chatCustomerIdQuery",
    "parentId": "s119z21q05d",
    "spanId": "qkvjhwxjoy",
    "type": "component-render",
  },
  {
    "children": [
      {
        "childrenCount": 1,
        "depth": 1,
        "name": "useQuery: ticketFormStatuses",
        "parentId": "4ark8pcnbt",
        "spanId": "w7pgx4avcv",
        "type": "component-render",
      },
    ],
    "childrenCount": 1,
    "depth": 0,
    "name": "useQuery: user",
    "parentId": "dhs8nxv2mh",
    "spanId": "4ark8pcnbt",
    "type": "component-render",
  },
  {
    "children": [
      {
        "childrenCount": 1,
        "depth": 1,
        "name": "useQuery: Lotus__IntelligenceSettings",
        "parentId": "jugbazmlzc",
        "spanId": "sep9mfuk6n",
        "type": "component-render",
      },
    ],
    "childrenCount": 1,
    "depth": 0,
    "name": "useQuery: chatCustomerIdQuery",
    "parentId": "6sj7shrel35",
    "spanId": "jugbazmlzc",
    "type": "component-render",
  },
  {
    "children": [
      {
        "childrenCount": 1,
        "depth": 1,
        "name": "useQuery: user",
        "parentId": "fcwg3eujt8u",
        "spanId": "v412t3oicsc",
        "type": "component-render",
      },
    ],
    "childrenCount": 1,
    "depth": 0,
    "name": "useQuery: UsersAutocomplete",
    "parentId": "lo8ygdmbh8m",
    "spanId": "fcwg3eujt8u",
    "type": "component-render",
  },
  {
    "children": [
      {
        "childrenCount": 1,
        "depth": 1,
        "name": "useQuery: entityReadReceipt",
        "parentId": "vcn5khwoqgi",
        "spanId": "0wwdhts0jh1l",
        "type": "component-render",
      },
    ],
    "childrenCount": 1,
    "depth": 0,
    "name": "useQuery: customStatuses",
    "parentId": "vyjo0gb09gr",
    "spanId": "vcn5khwoqgi",
    "type": "component-render",
  },
  {
    "children": [],
    "childrenCount": 0,
    "depth": 0,
    "name": "useQuery: searchWithObjectType",
    "parentId": "e58viego1ym",
    "spanId": "lihd2gwt7oa",
    "type": "component-render",
  },
  {
    "children": [],
    "childrenCount": 0,
    "depth": 0,
    "name": "useQuery: chatCustomerIdQuery",
    "parentId": "2vefwadiik6",
    "spanId": "8sj7ywpzumj",
    "type": "component-render",
  },
  {
    "children": [
      {
        "childrenCount": 1,
        "depth": 1,
        "name": "useQuery: chatCustomerIdQuery",
        "parentId": "d7dhnsv3u4c",
        "spanId": "e0wo3t2as2r",
        "type": "component-render",
      },
    ],
    "childrenCount": 1,
    "depth": 0,
    "name": "useQuery: CardLayout",
    "parentId": "g65eunw68t",
    "spanId": "d7dhnsv3u4c",
    "type": "component-render",
  },
  {
    "children": [],
    "childrenCount": 0,
    "depth": 0,
    "name": "https://example.zendesk.com/api/graphql",
    "parentId": "foog2wihxr",
    "spanId": "hk2chsasghd",
    "type": "measure",
  },
  {
    "children": [],
    "childrenCount": 0,
    "depth": 0,
    "name": "https://example.zendesk.com/api/graphql",
    "parentId": "xao8weu44i",
    "spanId": "2hdhkr91cic",
    "type": "measure",
  },
  {
    "children": [],
    "childrenCount": 0,
    "depth": 0,
    "name": "https://example.zendesk.com/api/graphql",
    "parentId": "lo8ygdmbh8m",
    "spanId": "41grs7i6cbt",
    "type": "measure",
  },
  {
    "children": [],
    "childrenCount": 0,
    "depth": 0,
    "name": "https://example.zendesk.com/api/graphql",
    "parentId": "2vefwadiik6",
    "spanId": "tj40xwve2un",
    "type": "measure",
  },
  {
    "children": [],
    "childrenCount": 0,
    "depth": 0,
    "name": "https://example.zendesk.com/api/graphql",
    "parentId": "g65eunw68t",
    "spanId": "dy9grfijhsj",
    "type": "measure",
  },
  {
    "children": [],
    "childrenCount": 0,
    "depth": 0,
    "name": "https://example.zendesk.com/api/graphql",
    "parentId": "xao8weu44i",
    "spanId": "0ulx5cxm5u2h",
    "type": "measure",
  },
]
`;
